------------- NVBit (NVidia Binary Instrumentation Tool v1.8) Loaded --------------
NVBit core environment variables (mostly for nvbit-devs):
ACK_CTX_INIT_LIMITATION = 0 - if set, no warning will be printed for nvbit_at_ctx_init()
            NVDISASM = nvdisasm - override default nvdisasm found in PATH
            NOBANNER = 0 - if set, does not print this banner
       NO_EAGER_LOAD = 1 - lazy module loading is now turned on by default. If you see deadlocks in your tool, set NO_EAGER_LOAD to 0
---------------------------------------------------------------------------------
         INSTR_BEGIN = 0 - Beginning of the instruction interval where to apply instrumentation
           INSTR_END = 4294967295 - End of the instruction interval where to apply instrumentation
        TOOL_VERBOSE = 0 - Enable verbosity inside the tool
   ENABLE_FUN_DETAIL = 0 - Enable detailed function information for kernel
     PRINT_ILL_INSTR = 0 - Print the instruction which caused the exception
            SAMPLING = 0 - Instrument a repeat kernel every SAMPLING times
           INSTR_MEM = 0 - Instrument memory instructions for NaN/Inf detection
           HISTOGRAM = 0 - Enable FP exponent histogramming
       BIN_SPEC_FILE =  - Specification for which exponent ranges to report. If the file does not exist, a template specification will be created.
For example:
{
    "count": 128,
    "doublings": 0,
    "bf16": [],
    "f16": [[0,5],[-4,-1]],
    "f32": [],
    "f64": []
}
will report every 128 occurrences of exponents in the ranges 0 to 5 and -4 to -1 for f16 numbers.

If `doublings=-N`, where `N` is positive, then each bucket will begin with a
size of `count`. When a bucket reaches the count threshold, it will double the
threshold and report. This doubling will continue until one bucket has been
doubled N times, then all buckets are reset to `count`.
             LOGFILE =  - Path to the optional log file. Default is to print to stderr. This is useful for the case when an instrumented program is capturing stderr.
           LINE_INFO = 1 - Disable debug information for source code locations. Having this enabled may cause crashes, so set this to 0 if you encounter issues.
iter=0 dt_ms=4375.606 err=1.386e-03 exc=0
iter=1 dt_ms=108.225 err=1.387e-06 exc=0
RESULT config=F16 n=256 kappa=1.00e+01 seed=0 status=converged niter=2 t_fact_ms=941.16 t_loop_ms=4485.07 t_per_iter_ms=2242.534 first_exc_iter=-1 first_exc_ms=-1.000
TOTAL config=F16 t_total_ms=5426.23 (= t_fact + t_loop)
