#nixnan: ----------------------------------------------------------------------------------
#nixnan: Initializing GPU context...
#nixnan: Instrumenting all functions
#nixnan: running kernel [max_reduce_kernel] ...
#nixnan: running kernel [rd_step_kernel] ...
#nixnan: f64 bin has reached threshold: function=rd_step_kernel(double const*, double*, int, double, double) range=[-2,1] count=1000000
#nixnan: f64 bin has reached threshold: function=rd_step_kernel(double const*, double*, int, double, double) range=[2,5] count=1000000
#nixnan: f64 bin has reached threshold: function=rd_step_kernel(double const*, double*, int, double, double) range=[-10,-7] count=1000000
#nixnan: f64 bin has reached threshold: function=rd_step_kernel(double const*, double*, int, double, double) range=[2,5] count=1000000
#nixnan: f64 bin has reached threshold: function=rd_step_kernel(double const*, double*, int, double, double) range=[6,9] count=1000000
#nixnan: f64 bin has reached threshold: function=rd_step_kernel(double const*, double*, int, double, double) range=[6,9] count=1000000
#nixnan: f64 bin has reached threshold: function=rd_step_kernel(double const*, double*, int, double, double) range=[-2,1] count=1000000
#nixnan: f64 bin has reached threshold: function=rd_step_kernel(double const*, double*, int, double, double) range=[10,13] count=1000000
#nixnan: f64 bin has reached threshold: function=rd_step_kernel(double const*, double*, int, double, double) range=[10,13] count=1000000
#nixnan: f64 bin has reached threshold: function=rd_step_kernel(double const*, double*, int, double, double) range=[2,5] count=1000000
#nixnan: f64 bin has reached threshold: function=rd_step_kernel(double const*, double*, int, double, double) range=[-10,-7] count=1000000
#nixnan: f64 bin has reached threshold: function=rd_step_kernel(double const*, double*, int, double, double) range=[14,17] count=1000000
#nixnan: f64 bin has reached threshold: function=rd_step_kernel(double const*, double*, int, double, double) range=[14,17] count=1000000
#nixnan: f64 bin has reached threshold: function=rd_step_kernel(double const*, double*, int, double, double) range=[6,9] count=1000000
#nixnan: f64 bin has reached threshold: function=rd_step_kernel(double const*, double*, int, double, double) range=[18,21] count=1000000
#nixnan: f64 bin has reached threshold: function=rd_step_kernel(double const*, double*, int, double, double) range=[18,21] count=1000000
#nixnan: f64 bin has reached threshold: function=rd_step_kernel(double const*, double*, int, double, double) range=[10,13] count=1000000
#nixnan: f64 bin has reached threshold: function=rd_step_kernel(double const*, double*, int, double, double) range=[-10,-7] count=1000000
#nixnan: f64 bin has reached threshold: function=rd_step_kernel(double const*, double*, int, double, double) range=[22,25] count=1000000
#nixnan: f64 bin has reached threshold: function=rd_step_kernel(double const*, double*, int, double, double) range=[22,25] count=1000000
#nixnan: f64 bin has reached threshold: function=rd_step_kernel(double const*, double*, int, double, double) range=[14,17] count=1000000
#nixnan: f64 bin has reached threshold: function=rd_step_kernel(double const*, double*, int, double, double) range=[26,29] count=1000000
#nixnan: f64 bin has reached threshold: function=rd_step_kernel(double const*, double*, int, double, double) range=[26,29] count=1000000
#nixnan: f64 bin has reached threshold: function=rd_step_kernel(double const*, double*, int, double, double) range=[18,21] count=1000000
#nixnan: f64 bin has reached threshold: function=rd_step_kernel(double const*, double*, int, double, double) range=[30,33] count=1000000
#nixnan: f64 bin has reached threshold: function=rd_step_kernel(double const*, double*, int, double, double) range=[-10,-7] count=1000000
#nixnan: f64 bin has reached threshold: function=rd_step_kernel(double const*, double*, int, double, double) range=[30,33] count=1000000
#nixnan: f64 bin has reached threshold: function=rd_step_kernel(double const*, double*, int, double, double) range=[22,25] count=1000000
#nixnan: f64 bin has reached threshold: function=rd_step_kernel(double const*, double*, int, double, double) range=[34,37] count=1000000
#nixnan: f64 bin has reached threshold: function=rd_step_kernel(double const*, double*, int, double, double) range=[34,37] count=1000000
#nixnan: f64 bin has reached threshold: function=rd_step_kernel(double const*, double*, int, double, double) range=[26,29] count=1000000
#nixnan: f64 bin has reached threshold: function=rd_step_kernel(double const*, double*, int, double, double) range=[38,41] count=1000000
#nixnan: f64 bin has reached threshold: function=rd_step_kernel(double const*, double*, int, double, double) range=[-10,-7] count=1000000
#nixnan: f64 bin has reached threshold: function=rd_step_kernel(double const*, double*, int, double, double) range=[38,41] count=1000000
#nixnan: f64 bin has reached threshold: function=rd_step_kernel(double const*, double*, int, double, double) range=[30,33] count=1000000
#nixnan: f64 bin has reached threshold: function=rd_step_kernel(double const*, double*, int, double, double) range=[42,45] count=1000000
#nixnan: f64 bin has reached threshold: function=rd_step_kernel(double const*, double*, int, double, double) range=[42,45] count=1000000
#nixnan: f64 bin has reached threshold: function=rd_step_kernel(double const*, double*, int, double, double) range=[34,37] count=1000000
#nixnan: f64 bin has reached threshold: function=rd_step_kernel(double const*, double*, int, double, double) range=[46,49] count=1000000
#nixnan: f64 bin has reached threshold: function=rd_step_kernel(double const*, double*, int, double, double) range=[46,49] count=1000000
#nixnan: f64 bin has reached threshold: function=rd_step_kernel(double const*, double*, int, double, double) range=[38,41] count=1000000
#nixnan: f64 bin has reached threshold: function=rd_step_kernel(double const*, double*, int, double, double) range=[-10,-7] count=1000000
#nixnan: f64 bin has reached threshold: function=rd_step_kernel(double const*, double*, int, double, double) range=[50,53] count=1000000
#nixnan: f64 bin has reached threshold: function=rd_step_kernel(double const*, double*, int, double, double) range=[50,53] count=1000000
#nixnan: f64 bin has reached threshold: function=rd_step_kernel(double const*, double*, int, double, double) range=[42,45] count=1000000
#nixnan: f64 bin has reached threshold: function=rd_step_kernel(double const*, double*, int, double, double) range=[54,57] count=1000000
#nixnan: f64 bin has reached threshold: function=rd_step_kernel(double const*, double*, int, double, double) range=[54,57] count=1000000
#nixnan: f64 bin has reached threshold: function=rd_step_kernel(double const*, double*, int, double, double) range=[46,49] count=1000000
#nixnan: f64 bin has reached threshold: function=rd_step_kernel(double const*, double*, int, double, double) range=[-10,-7] count=1000000
#nixnan: f64 bin has reached threshold: function=rd_step_kernel(double const*, double*, int, double, double) range=[58,61] count=1000000
#nixnan: f64 bin has reached threshold: function=rd_step_kernel(double const*, double*, int, double, double) range=[58,61] count=1000000
#nixnan: f64 bin has reached threshold: function=rd_step_kernel(double const*, double*, int, double, double) range=[50,53] count=1000000
#nixnan: f64 bin has reached threshold: function=rd_step_kernel(double const*, double*, int, double, double) range=[62,65] count=1000000
#nixnan: f64 bin has reached threshold: function=rd_step_kernel(double const*, double*, int, double, double) range=[62,65] count=1000000
#nixnan: f64 bin has reached threshold: function=rd_step_kernel(double const*, double*, int, double, double) range=[54,57] count=1000000
#nixnan: f64 bin has reached threshold: function=rd_step_kernel(double const*, double*, int, double, double) range=[66,69] count=1000000
#nixnan: f64 bin has reached threshold: function=rd_step_kernel(double const*, double*, int, double, double) range=[-10,-7] count=1000000
#nixnan: f64 bin has reached threshold: function=rd_step_kernel(double const*, double*, int, double, double) range=[66,69] count=1000000
#nixnan: f64 bin has reached threshold: function=rd_step_kernel(double const*, double*, int, double, double) range=[58,61] count=1000000
#nixnan: f64 bin has reached threshold: function=rd_step_kernel(double const*, double*, int, double, double) range=[70,73] count=1000000
#nixnan: f64 bin has reached threshold: function=rd_step_kernel(double const*, double*, int, double, double) range=[70,73] count=1000000
#nixnan: f64 bin has reached threshold: function=rd_step_kernel(double const*, double*, int, double, double) range=[62,65] count=1000000
#nixnan: f64 bin has reached threshold: function=rd_step_kernel(double const*, double*, int, double, double) range=[74,77] count=1000000
#nixnan: f64 bin has reached threshold: function=rd_step_kernel(double const*, double*, int, double, double) range=[-10,-7] count=1000000
#nixnan: f64 bin has reached threshold: function=rd_step_kernel(double const*, double*, int, double, double) range=[74,77] count=1000000
#nixnan: f64 bin has reached threshold: function=rd_step_kernel(double const*, double*, int, double, double) range=[66,69] count=1000000
#nixnan: f64 bin has reached threshold: function=rd_step_kernel(double const*, double*, int, double, double) range=[78,81] count=1000000
#nixnan: f64 bin has reached threshold: function=rd_step_kernel(double const*, double*, int, double, double) range=[78,81] count=1000000
#nixnan: f64 bin has reached threshold: function=rd_step_kernel(double const*, double*, int, double, double) range=[70,73] count=1000000
#nixnan: f64 bin has reached threshold: function=rd_step_kernel(double const*, double*, int, double, double) range=[82,85] count=1000000
#nixnan: f64 bin has reached threshold: function=rd_step_kernel(double const*, double*, int, double, double) range=[82,85] count=1000000
#nixnan: f64 bin has reached threshold: function=rd_step_kernel(double const*, double*, int, double, double) range=[74,77] count=1000000
#nixnan: f64 bin has reached threshold: function=rd_step_kernel(double const*, double*, int, double, double) range=[-10,-7] count=1000000
#nixnan: f64 bin has reached threshold: function=rd_step_kernel(double const*, double*, int, double, double) range=[86,89] count=1000000
#nixnan: f64 bin has reached threshold: function=rd_step_kernel(double const*, double*, int, double, double) range=[86,89] count=1000000
#nixnan: f64 bin has reached threshold: function=rd_step_kernel(double const*, double*, int, double, double) range=[78,81] count=1000000
#nixnan: f64 bin has reached threshold: function=rd_step_kernel(double const*, double*, int, double, double) range=[90,93] count=1000000
#nixnan: f64 bin has reached threshold: function=rd_step_kernel(double const*, double*, int, double, double) range=[90,93] count=1000000
#nixnan: f64 bin has reached threshold: function=rd_step_kernel(double const*, double*, int, double, double) range=[82,85] count=1000000
#nixnan: f64 bin has reached threshold: function=rd_step_kernel(double const*, double*, int, double, double) range=[-10,-7] count=1000000
#nixnan: f64 bin has reached threshold: function=rd_step_kernel(double const*, double*, int, double, double) range=[94,97] count=1000000
#nixnan: f64 bin has reached threshold: function=rd_step_kernel(double const*, double*, int, double, double) range=[94,97] count=1000000
#nixnan: f64 bin has reached threshold: function=rd_step_kernel(double const*, double*, int, double, double) range=[86,89] count=1000000
#nixnan: f64 bin has reached threshold: function=rd_step_kernel(double const*, double*, int, double, double) range=[98,101] count=1000000
#nixnan: f64 bin has reached threshold: function=rd_step_kernel(double const*, double*, int, double, double) range=[98,101] count=1000000
#nixnan: f64 bin has reached threshold: function=rd_step_kernel(double const*, double*, int, double, double) range=[90,93] count=1000000
#nixnan: f64 bin has reached threshold: function=rd_step_kernel(double const*, double*, int, double, double) range=[102,105] count=1000000
#nixnan: f64 bin has reached threshold: function=rd_step_kernel(double const*, double*, int, double, double) range=[-10,-7] count=1000000
#nixnan: f64 bin has reached threshold: function=rd_step_kernel(double const*, double*, int, double, double) range=[102,105] count=1000000
#nixnan: f64 bin has reached threshold: function=rd_step_kernel(double const*, double*, int, double, double) range=[94,97] count=1000000
#nixnan: f64 bin has reached threshold: function=rd_step_kernel(double const*, double*, int, double, double) range=[106,109] count=1000000
#nixnan: f64 bin has reached threshold: function=rd_step_kernel(double const*, double*, int, double, double) range=[106,109] count=1000000
#nixnan: f64 bin has reached threshold: function=rd_step_kernel(double const*, double*, int, double, double) range=[98,101] count=1000000
#nixnan: f64 bin has reached threshold: function=rd_step_kernel(double const*, double*, int, double, double) range=[110,113] count=1000000
#nixnan: f64 bin has reached threshold: function=rd_step_kernel(double const*, double*, int, double, double) range=[110,113] count=1000000
#nixnan: f64 bin has reached threshold: function=rd_step_kernel(double const*, double*, int, double, double) range=[-10,-7] count=1000000
#nixnan: f64 bin has reached threshold: function=rd_step_kernel(double const*, double*, int, double, double) range=[102,105] count=1000000
#nixnan: f64 bin has reached threshold: function=rd_step_kernel(double const*, double*, int, double, double) range=[114,117] count=1000000
#nixnan: f64 bin has reached threshold: function=rd_step_kernel(double const*, double*, int, double, double) range=[114,117] count=1000000
#nixnan: f64 bin has reached threshold: function=rd_step_kernel(double const*, double*, int, double, double) range=[106,109] count=1000000
#nixnan: f64 bin has reached threshold: function=rd_step_kernel(double const*, double*, int, double, double) range=[118,121] count=1000000
#nixnan: f64 bin has reached threshold: function=rd_step_kernel(double const*, double*, int, double, double) range=[118,121] count=1000000
#nixnan: f64 bin has reached threshold: function=rd_step_kernel(double const*, double*, int, double, double) range=[110,113] count=1000000
#nixnan: f64 bin has reached threshold: function=rd_step_kernel(double const*, double*, int, double, double) range=[-10,-7] count=1000000
#nixnan: f64 bin has reached threshold: function=rd_step_kernel(double const*, double*, int, double, double) range=[122,125] count=1000000
#nixnan: f64 bin has reached threshold: function=rd_step_kernel(double const*, double*, int, double, double) range=[122,125] count=1000000
#nixnan: f64 bin has reached threshold: function=rd_step_kernel(double const*, double*, int, double, double) range=[114,117] count=1000000
#nixnan: f64 bin has reached threshold: function=rd_step_kernel(double const*, double*, int, double, double) range=[126,129] count=1000000
#nixnan: f64 bin has reached threshold: function=rd_step_kernel(double const*, double*, int, double, double) range=[126,129] count=1000000
#nixnan: f64 bin has reached threshold: function=rd_step_kernel(double const*, double*, int, double, double) range=[118,121] count=1000000
#nixnan: f64 bin has reached threshold: function=rd_step_kernel(double const*, double*, int, double, double) range=[-10,-7] count=1000000
#nixnan: f64 bin has reached threshold: function=rd_step_kernel(double const*, double*, int, double, double) range=[130,133] count=1000000
#nixnan: f64 bin has reached threshold: function=rd_step_kernel(double const*, double*, int, double, double) range=[130,133] count=1000000
#nixnan: f64 bin has reached threshold: function=rd_step_kernel(double const*, double*, int, double, double) range=[122,125] count=1000000
#nixnan: f64 bin has reached threshold: function=rd_step_kernel(double const*, double*, int, double, double) range=[134,137] count=1000000
#nixnan: f64 bin has reached threshold: function=rd_step_kernel(double const*, double*, int, double, double) range=[134,137] count=1000000
#nixnan: f64 bin has reached threshold: function=rd_step_kernel(double const*, double*, int, double, double) range=[126,129] count=1000000
#nixnan: f64 bin has reached threshold: function=rd_step_kernel(double const*, double*, int, double, double) range=[138,141] count=1000000
#nixnan: f64 bin has reached threshold: function=rd_step_kernel(double const*, double*, int, double, double) range=[-10,-7] count=1000000
#nixnan: f64 bin has reached threshold: function=rd_step_kernel(double const*, double*, int, double, double) range=[138,141] count=1000000
#nixnan: f64 bin has reached threshold: function=rd_step_kernel(double const*, double*, int, double, double) range=[130,133] count=1000000
#nixnan: Finalizing GPU context...

#nixnan: ------------ nixnan Report -----------

#nixnan: --- FP16 Operations ---
#nixnan: NaN:                    0 (0 repeats)
#nixnan: Infinity:               0 (0 repeats)
#nixnan: -Infinity:              0 (0 repeats)
#nixnan: Subnormal:              0 (0 repeats)
#nixnan: Division by 0:          0 (0 repeats)

#nixnan: --- BF16 Operations ---
#nixnan: NaN:                    0 (0 repeats)
#nixnan: Infinity:               0 (0 repeats)
#nixnan: -Infinity:              0 (0 repeats)
#nixnan: Subnormal:              0 (0 repeats)
#nixnan: Division by 0:          0 (0 repeats)

#nixnan: --- FP32 Operations ---
#nixnan: NaN:                    0 (0 repeats)
#nixnan: Infinity:               0 (0 repeats)
#nixnan: -Infinity:              0 (0 repeats)
#nixnan: Subnormal:              0 (0 repeats)
#nixnan: Division by 0:          0 (0 repeats)

#nixnan: --- FP64 Operations ---
#nixnan: NaN:                    0 (0 repeats)
#nixnan: Infinity:               0 (0 repeats)
#nixnan: -Infinity:              0 (0 repeats)
#nixnan: Subnormal:              0 (0 repeats)
#nixnan: Division by 0:          0 (0 repeats)

#nixnan: --- FP16 Memory  Operations ---
#nixnan: NaN:                    0 (0 repeats)
#nixnan: --- BF16 Memory  Operations ---
#nixnan: NaN:                    0 (0 repeats)
#nixnan: --- FP32 Memory  Operations ---
#nixnan: NaN:                    0 (0 repeats)
#nixnan: --- FP64 Memory  Operations ---
#nixnan: NaN:                    0 (0 repeats)
#nixnan: --- FP exponent ranges --- 
#nixnan: Exponent range for f64: [zero, 144]
