#nixnan: ----------------------------------------------------------------------------------
#nixnan: Initializing GPU context...
#nixnan: Instrumenting all functions
#nixnan: running kernel [init_identity_kernel] ...
#nixnan: running kernel [find_pivot_kernel] ...
#nixnan: running kernel [swap_rows_kernel] ...
#nixnan: running kernel [compute_multipliers_kernel] ...
#nixnan: f64 bin has reached threshold: function=compute_multipliers_kernel(double const*, double*, int, int) range=[-2,1] count=128
#nixnan: f64 bin has reached threshold: function=compute_multipliers_kernel(double const*, double*, int, int) range=[-2,1] count=128
#nixnan: f64 bin has reached threshold: function=compute_multipliers_kernel(double const*, double*, int, int) range=[-54,-51] count=128
#nixnan: f64 bin has reached threshold: function=compute_multipliers_kernel(double const*, double*, int, int) range=[-2,1] count=128
#nixnan: f64 bin has reached threshold: function=compute_multipliers_kernel(double const*, double*, int, int) range=[-2,1] count=128
#nixnan: running kernel [eliminate_kernel] ...
#nixnan: f64 bin has reached threshold: function=eliminate_kernel(double*, double const*, int, int) range=[-2,1] count=128
#nixnan: f64 bin has reached threshold: function=eliminate_kernel(double*, double const*, int, int) range=[-2,1] count=128
#nixnan: f64 bin has reached threshold: function=compute_multipliers_kernel(double const*, double*, int, int) range=[-2,1] count=128
#nixnan: f64 bin has reached threshold: function=compute_multipliers_kernel(double const*, double*, int, int) range=[-2,1] count=128
#nixnan: f64 bin has reached threshold: function=compute_multipliers_kernel(double const*, double*, int, int) range=[-2,1] count=128
#nixnan: f64 bin has reached threshold: function=compute_multipliers_kernel(double const*, double*, int, int) range=[-26,-23] count=128
#nixnan: f64 bin has reached threshold: function=compute_multipliers_kernel(double const*, double*, int, int) range=[-54,-51] count=128
#nixnan: f64 bin has reached threshold: function=compute_multipliers_kernel(double const*, double*, int, int) range=[-2,1] count=128
#nixnan: f64 bin has reached threshold: function=eliminate_kernel(double*, double const*, int, int) range=[-2,1] count=128
#nixnan: f64 bin has reached threshold: function=eliminate_kernel(double*, double const*, int, int) range=[-2,1] count=128
#nixnan: f64 bin has reached threshold: function=compute_multipliers_kernel(double const*, double*, int, int) range=[-2,1] count=128
#nixnan: f64 bin has reached threshold: function=compute_multipliers_kernel(double const*, double*, int, int) range=[-2,1] count=128
#nixnan: f64 bin has reached threshold: function=compute_multipliers_kernel(double const*, double*, int, int) range=[-26,-23] count=128
#nixnan: f64 bin has reached threshold: function=compute_multipliers_kernel(double const*, double*, int, int) range=[-2,1] count=128
#nixnan: f64 bin has reached threshold: function=compute_multipliers_kernel(double const*, double*, int, int) range=[-22,-19] count=128
#nixnan: f64 bin has reached threshold: function=compute_multipliers_kernel(double const*, double*, int, int) range=[-2,1] count=128
#nixnan: f64 bin has reached threshold: function=eliminate_kernel(double*, double const*, int, int) range=[-2,1] count=128
#nixnan: f64 bin has reached threshold: function=eliminate_kernel(double*, double const*, int, int) range=[-2,1] count=128
#nixnan: f64 bin has reached threshold: function=compute_multipliers_kernel(double const*, double*, int, int) range=[-2,1] count=128
#nixnan: f64 bin has reached threshold: function=compute_multipliers_kernel(double const*, double*, int, int) range=[-2,1] count=128
#nixnan: f64 bin has reached threshold: function=compute_multipliers_kernel(double const*, double*, int, int) range=[-22,-19] count=128
#nixnan: f64 bin has reached threshold: function=compute_multipliers_kernel(double const*, double*, int, int) range=[-2,1] count=128
#nixnan: f64 bin has reached threshold: function=compute_multipliers_kernel(double const*, double*, int, int) range=[-54,-51] count=128
#nixnan: f64 bin has reached threshold: function=eliminate_kernel(double*, double const*, int, int) range=[-2,1] count=128
#nixnan: error [div0] detected in operand 1 of instruction MUFU.RCP64H R3, R5 ; in function compute_multipliers_kernel at /home/ganesh/repos/nixnan/SC26-expts/lu_solve_gpu/lu_solve_gpu.cu:197 of type f64
#nixnan: error [infinity] detected in operand 0 of instruction MUFU.RCP64H R3, R5 ; in function compute_multipliers_kernel at /home/ganesh/repos/nixnan/SC26-expts/lu_solve_gpu/lu_solve_gpu.cu:197 of type f64
#nixnan: error [NaN] detected in operand 2 of instruction DFMA R8, -R4, R2, 1 ; in function compute_multipliers_kernel at /home/ganesh/repos/nixnan/SC26-expts/lu_solve_gpu/lu_solve_gpu.cu:197 of type f64
#nixnan: error [NaN] detected in operand 0 of instruction DFMA R8, -R4, R2, 1 ; in function compute_multipliers_kernel at /home/ganesh/repos/nixnan/SC26-expts/lu_solve_gpu/lu_solve_gpu.cu:197 of type f64
#nixnan: error [NaN] detected in operand 1 of instruction DFMA R8, R8, R8, R8 ; in function compute_multipliers_kernel at /home/ganesh/repos/nixnan/SC26-expts/lu_solve_gpu/lu_solve_gpu.cu:197 of type f64
#nixnan: error [NaN] detected in operand 2 of instruction DFMA R8, R8, R8, R8 ; in function compute_multipliers_kernel at /home/ganesh/repos/nixnan/SC26-expts/lu_solve_gpu/lu_solve_gpu.cu:197 of type f64
#nixnan: error [NaN] detected in operand 3 of instruction DFMA R8, R8, R8, R8 ; in function compute_multipliers_kernel at /home/ganesh/repos/nixnan/SC26-expts/lu_solve_gpu/lu_solve_gpu.cu:197 of type f64
#nixnan: error [NaN] detected in operand 0 of instruction DFMA R8, R8, R8, R8 ; in function compute_multipliers_kernel at /home/ganesh/repos/nixnan/SC26-expts/lu_solve_gpu/lu_solve_gpu.cu:197 of type f64
#nixnan: error [NaN] detected in operand 1 of instruction DFMA R8, R2, R8, R2 ; in function compute_multipliers_kernel at /home/ganesh/repos/nixnan/SC26-expts/lu_solve_gpu/lu_solve_gpu.cu:197 of type f64
#nixnan: error [NaN] detected in operand 2 of instruction DFMA R8, R2, R8, R2 ; in function compute_multipliers_kernel at /home/ganesh/repos/nixnan/SC26-expts/lu_solve_gpu/lu_solve_gpu.cu:197 of type f64
#nixnan: error [NaN] detected in operand 3 of instruction DFMA R8, R2, R8, R2 ; in function compute_multipliers_kernel at /home/ganesh/repos/nixnan/SC26-expts/lu_solve_gpu/lu_solve_gpu.cu:197 of type f64
#nixnan: error [NaN] detected in operand 0 of instruction DFMA R8, R2, R8, R2 ; in function compute_multipliers_kernel at /home/ganesh/repos/nixnan/SC26-expts/lu_solve_gpu/lu_solve_gpu.cu:197 of type f64
#nixnan: error [NaN] detected in operand 2 of instruction DFMA R2, -R4, R8, 1 ; in function compute_multipliers_kernel at /home/ganesh/repos/nixnan/SC26-expts/lu_solve_gpu/lu_solve_gpu.cu:197 of type f64
#nixnan: error [NaN] detected in operand 0 of instruction DFMA R2, -R4, R8, 1 ; in function compute_multipliers_kernel at /home/ganesh/repos/nixnan/SC26-expts/lu_solve_gpu/lu_solve_gpu.cu:197 of type f64
#nixnan: error [NaN] detected in operand 1 of instruction DFMA R2, R8, R2, R8 ; in function compute_multipliers_kernel at /home/ganesh/repos/nixnan/SC26-expts/lu_solve_gpu/lu_solve_gpu.cu:197 of type f64
#nixnan: error [NaN] detected in operand 2 of instruction DFMA R2, R8, R2, R8 ; in function compute_multipliers_kernel at /home/ganesh/repos/nixnan/SC26-expts/lu_solve_gpu/lu_solve_gpu.cu:197 of type f64
#nixnan: error [NaN] detected in operand 3 of instruction DFMA R2, R8, R2, R8 ; in function compute_multipliers_kernel at /home/ganesh/repos/nixnan/SC26-expts/lu_solve_gpu/lu_solve_gpu.cu:197 of type f64
#nixnan: error [NaN] detected in operand 0 of instruction DFMA R2, R8, R2, R8 ; in function compute_multipliers_kernel at /home/ganesh/repos/nixnan/SC26-expts/lu_solve_gpu/lu_solve_gpu.cu:197 of type f64
#nixnan: error [NaN] detected in operand 2 of instruction DMUL R8, R6, R2 ; in function compute_multipliers_kernel at /home/ganesh/repos/nixnan/SC26-expts/lu_solve_gpu/lu_solve_gpu.cu:197 of type f64
#nixnan: error [NaN] detected in operand 0 of instruction DMUL R8, R6, R2 ; in function compute_multipliers_kernel at /home/ganesh/repos/nixnan/SC26-expts/lu_solve_gpu/lu_solve_gpu.cu:197 of type f64
#nixnan: error [NaN] detected in operand 2 of instruction DFMA R10, -R4, R8, R6 ; in function compute_multipliers_kernel at /home/ganesh/repos/nixnan/SC26-expts/lu_solve_gpu/lu_solve_gpu.cu:197 of type f64
#nixnan: error [NaN] detected in operand 0 of instruction DFMA R10, -R4, R8, R6 ; in function compute_multipliers_kernel at /home/ganesh/repos/nixnan/SC26-expts/lu_solve_gpu/lu_solve_gpu.cu:197 of type f64
#nixnan: error [NaN] detected in operand 1 of instruction DFMA R2, R2, R10, R8 ; in function compute_multipliers_kernel at /home/ganesh/repos/nixnan/SC26-expts/lu_solve_gpu/lu_solve_gpu.cu:197 of type f64
#nixnan: error [NaN] detected in operand 2 of instruction DFMA R2, R2, R10, R8 ; in function compute_multipliers_kernel at /home/ganesh/repos/nixnan/SC26-expts/lu_solve_gpu/lu_solve_gpu.cu:197 of type f64
#nixnan: error [NaN] detected in operand 3 of instruction DFMA R2, R2, R10, R8 ; in function compute_multipliers_kernel at /home/ganesh/repos/nixnan/SC26-expts/lu_solve_gpu/lu_solve_gpu.cu:197 of type f64
#nixnan: error [NaN] detected in operand 0 of instruction DFMA R2, R2, R10, R8 ; in function compute_multipliers_kernel at /home/ganesh/repos/nixnan/SC26-expts/lu_solve_gpu/lu_solve_gpu.cu:197 of type f64
#nixnan: error [NaN] detected in operand 3 of instruction FFMA R8, RZ, R5, R3 ; in function compute_multipliers_kernel at /home/ganesh/repos/nixnan/SC26-expts/lu_solve_gpu/lu_solve_gpu.cu:197 of type f32
#nixnan: error [NaN] detected in operand 0 of instruction FFMA R8, RZ, R5, R3 ; in function compute_multipliers_kernel at /home/ganesh/repos/nixnan/SC26-expts/lu_solve_gpu/lu_solve_gpu.cu:197 of type f32
#nixnan: error [div0] detected in operand 1 of instruction MUFU.RCP64H R17, R3 ; in function compute_multipliers_kernel at /home/ganesh/repos/nixnan/SC26-expts/lu_solve_gpu/lu_solve_gpu.cu:198 of type f64
#nixnan: error [infinity] detected in operand 0 of instruction MUFU.RCP64H R17, R3 ; in function compute_multipliers_kernel at /home/ganesh/repos/nixnan/SC26-expts/lu_solve_gpu/lu_solve_gpu.cu:198 of type f64
#nixnan: error [NaN] detected in operand 1 of instruction DFMA R10, R16, -R2, 1 ; in function compute_multipliers_kernel at /home/ganesh/repos/nixnan/SC26-expts/lu_solve_gpu/lu_solve_gpu.cu:198 of type f64
#nixnan: error [NaN] detected in operand 0 of instruction DFMA R10, R16, -R2, 1 ; in function compute_multipliers_kernel at /home/ganesh/repos/nixnan/SC26-expts/lu_solve_gpu/lu_solve_gpu.cu:198 of type f64
#nixnan: error [NaN] detected in operand 1 of instruction DFMA R18, R10, R10, R10 ; in function compute_multipliers_kernel at /home/ganesh/repos/nixnan/SC26-expts/lu_solve_gpu/lu_solve_gpu.cu:198 of type f64
#nixnan: error [NaN] detected in operand 2 of instruction DFMA R18, R10, R10, R10 ; in function compute_multipliers_kernel at /home/ganesh/repos/nixnan/SC26-expts/lu_solve_gpu/lu_solve_gpu.cu:198 of type f64
#nixnan: error [NaN] detected in operand 3 of instruction DFMA R18, R10, R10, R10 ; in function compute_multipliers_kernel at /home/ganesh/repos/nixnan/SC26-expts/lu_solve_gpu/lu_solve_gpu.cu:198 of type f64
#nixnan: error [NaN] detected in operand 0 of instruction DFMA R18, R10, R10, R10 ; in function compute_multipliers_kernel at /home/ganesh/repos/nixnan/SC26-expts/lu_solve_gpu/lu_solve_gpu.cu:198 of type f64
#nixnan: error [NaN] detected in operand 1 of instruction DFMA R18, R16, R18, R16 ; in function compute_multipliers_kernel at /home/ganesh/repos/nixnan/SC26-expts/lu_solve_gpu/lu_solve_gpu.cu:198 of type f64
#nixnan: error [NaN] detected in operand 2 of instruction DFMA R18, R16, R18, R16 ; in function compute_multipliers_kernel at /home/ganesh/repos/nixnan/SC26-expts/lu_solve_gpu/lu_solve_gpu.cu:198 of type f64
#nixnan: error [NaN] detected in operand 3 of instruction DFMA R18, R16, R18, R16 ; in function compute_multipliers_kernel at /home/ganesh/repos/nixnan/SC26-expts/lu_solve_gpu/lu_solve_gpu.cu:198 of type f64
#nixnan: error [NaN] detected in operand 0 of instruction DFMA R18, R16, R18, R16 ; in function compute_multipliers_kernel at /home/ganesh/repos/nixnan/SC26-expts/lu_solve_gpu/lu_solve_gpu.cu:198 of type f64
#nixnan: error [NaN] detected in operand 1 of instruction DFMA R14, R18, -R2, 1 ; in function compute_multipliers_kernel at /home/ganesh/repos/nixnan/SC26-expts/lu_solve_gpu/lu_solve_gpu.cu:198 of type f64
#nixnan: error [NaN] detected in operand 0 of instruction DFMA R14, R18, -R2, 1 ; in function compute_multipliers_kernel at /home/ganesh/repos/nixnan/SC26-expts/lu_solve_gpu/lu_solve_gpu.cu:198 of type f64
#nixnan: error [NaN] detected in operand 1 of instruction DFMA R14, R18, R14, R18 ; in function compute_multipliers_kernel at /home/ganesh/repos/nixnan/SC26-expts/lu_solve_gpu/lu_solve_gpu.cu:198 of type f64
#nixnan: error [NaN] detected in operand 2 of instruction DFMA R14, R18, R14, R18 ; in function compute_multipliers_kernel at /home/ganesh/repos/nixnan/SC26-expts/lu_solve_gpu/lu_solve_gpu.cu:198 of type f64
#nixnan: error [NaN] detected in operand 3 of instruction DFMA R14, R18, R14, R18 ; in function compute_multipliers_kernel at /home/ganesh/repos/nixnan/SC26-expts/lu_solve_gpu/lu_solve_gpu.cu:198 of type f64
#nixnan: error [NaN] detected in operand 0 of instruction DFMA R14, R18, R14, R18 ; in function compute_multipliers_kernel at /home/ganesh/repos/nixnan/SC26-expts/lu_solve_gpu/lu_solve_gpu.cu:198 of type f64
#nixnan: error [NaN] detected in operand 1 of instruction DMUL R16, R14, R10 ; in function compute_multipliers_kernel at /home/ganesh/repos/nixnan/SC26-expts/lu_solve_gpu/lu_solve_gpu.cu:198 of type f64
#nixnan: error [NaN] detected in operand 0 of instruction DMUL R16, R14, R10 ; in function compute_multipliers_kernel at /home/ganesh/repos/nixnan/SC26-expts/lu_solve_gpu/lu_solve_gpu.cu:198 of type f64
#nixnan: error [NaN] detected in operand 1 of instruction DFMA R18, R16, -R2, R10 ; in function compute_multipliers_kernel at /home/ganesh/repos/nixnan/SC26-expts/lu_solve_gpu/lu_solve_gpu.cu:198 of type f64
#nixnan: error [NaN] detected in operand 0 of instruction DFMA R18, R16, -R2, R10 ; in function compute_multipliers_kernel at /home/ganesh/repos/nixnan/SC26-expts/lu_solve_gpu/lu_solve_gpu.cu:198 of type f64
#nixnan: error [NaN] detected in operand 1 of instruction DFMA R14, R14, R18, R16 ; in function compute_multipliers_kernel at /home/ganesh/repos/nixnan/SC26-expts/lu_solve_gpu/lu_solve_gpu.cu:198 of type f64
#nixnan: error [NaN] detected in operand 2 of instruction DFMA R14, R14, R18, R16 ; in function compute_multipliers_kernel at /home/ganesh/repos/nixnan/SC26-expts/lu_solve_gpu/lu_solve_gpu.cu:198 of type f64
#nixnan: error [NaN] detected in operand 3 of instruction DFMA R14, R14, R18, R16 ; in function compute_multipliers_kernel at /home/ganesh/repos/nixnan/SC26-expts/lu_solve_gpu/lu_solve_gpu.cu:198 of type f64
#nixnan: error [NaN] detected in operand 0 of instruction DFMA R14, R14, R18, R16 ; in function compute_multipliers_kernel at /home/ganesh/repos/nixnan/SC26-expts/lu_solve_gpu/lu_solve_gpu.cu:198 of type f64
#nixnan: f64 bin has reached threshold: function=eliminate_kernel(double*, double const*, int, int) range=[-2,1] count=128
#nixnan: error [NaN] detected in operand 2 of instruction DFMA R8, R6, -R4, R8 ; in function eliminate_kernel at /home/ganesh/repos/nixnan/SC26-expts/lu_solve_gpu/lu_solve_gpu.cu:209 of type f64
#nixnan: error [NaN] detected in operand 0 of instruction DFMA R8, R6, -R4, R8 ; in function eliminate_kernel at /home/ganesh/repos/nixnan/SC26-expts/lu_solve_gpu/lu_solve_gpu.cu:209 of type f64
#nixnan: error [NaN] detected in operand 2 of instruction @!P0 DADD R2, -RZ, |R4| ; in function find_pivot_kernel at /home/ganesh/repos/nixnan/SC26-expts/lu_solve_gpu/lu_solve_gpu.cu:141 of type f64
#nixnan: error [NaN] detected in operand 0 of instruction @!P0 DADD R2, -RZ, |R4| ; in function find_pivot_kernel at /home/ganesh/repos/nixnan/SC26-expts/lu_solve_gpu/lu_solve_gpu.cu:141 of type f64
#nixnan: error [NaN] detected in operand 1 of instruction MUFU.RCP64H R3, R5 ; in function compute_multipliers_kernel at /home/ganesh/repos/nixnan/SC26-expts/lu_solve_gpu/lu_solve_gpu.cu:197 of type f64
#nixnan: error [NaN] detected in operand 0 of instruction MUFU.RCP64H R3, R5 ; in function compute_multipliers_kernel at /home/ganesh/repos/nixnan/SC26-expts/lu_solve_gpu/lu_solve_gpu.cu:197 of type f64
#nixnan: error [NaN] detected in operand 1 of instruction DFMA R8, -R4, R2, 1 ; in function compute_multipliers_kernel at /home/ganesh/repos/nixnan/SC26-expts/lu_solve_gpu/lu_solve_gpu.cu:197 of type f64
#nixnan: error [NaN] detected in operand 1 of instruction DFMA R2, -R4, R8, 1 ; in function compute_multipliers_kernel at /home/ganesh/repos/nixnan/SC26-expts/lu_solve_gpu/lu_solve_gpu.cu:197 of type f64
#nixnan: error [NaN] detected in operand 1 of instruction DMUL R8, R6, R2 ; in function compute_multipliers_kernel at /home/ganesh/repos/nixnan/SC26-expts/lu_solve_gpu/lu_solve_gpu.cu:197 of type f64
#nixnan: error [NaN] detected in operand 1 of instruction DFMA R10, -R4, R8, R6 ; in function compute_multipliers_kernel at /home/ganesh/repos/nixnan/SC26-expts/lu_solve_gpu/lu_solve_gpu.cu:197 of type f64
#nixnan: error [NaN] detected in operand 3 of instruction DFMA R10, -R4, R8, R6 ; in function compute_multipliers_kernel at /home/ganesh/repos/nixnan/SC26-expts/lu_solve_gpu/lu_solve_gpu.cu:197 of type f64
#nixnan: error [NaN] detected in operand 2 of instruction FFMA R8, RZ, R5, R3 ; in function compute_multipliers_kernel at /home/ganesh/repos/nixnan/SC26-expts/lu_solve_gpu/lu_solve_gpu.cu:197 of type f32
#nixnan: f64 bin has reached threshold: function=compute_multipliers_kernel(double const*, double*, int, int) range=[-2,1] count=128
#nixnan: f64 bin has reached threshold: function=compute_multipliers_kernel(double const*, double*, int, int) range=[-2,1] count=128
#nixnan: error [NaN] detected in operand 1 of instruction DFMA R8, R6, -R4, R8 ; in function eliminate_kernel at /home/ganesh/repos/nixnan/SC26-expts/lu_solve_gpu/lu_solve_gpu.cu:209 of type f64
#nixnan: error [NaN] detected in operand 3 of instruction DFMA R8, R6, -R4, R8 ; in function eliminate_kernel at /home/ganesh/repos/nixnan/SC26-expts/lu_solve_gpu/lu_solve_gpu.cu:209 of type f64
#nixnan: f64 bin has reached threshold: function=compute_multipliers_kernel(double const*, double*, int, int) range=[-2,1] count=128
#nixnan: f64 bin has reached threshold: function=compute_multipliers_kernel(double const*, double*, int, int) range=[562,565] count=128
#nixnan: f64 bin has reached threshold: function=compute_multipliers_kernel(double const*, double*, int, int) range=[-2,1] count=128
#nixnan: f64 bin has reached threshold: function=compute_multipliers_kernel(double const*, double*, int, int) range=[-26,-23] count=128
#nixnan: f64 bin has reached threshold: function=compute_multipliers_kernel(double const*, double*, int, int) range=[-22,-19] count=128
#nixnan: f64 bin has reached threshold: function=compute_multipliers_kernel(double const*, double*, int, int) range=[-2,1] count=128
#nixnan: f64 bin has reached threshold: function=compute_multipliers_kernel(double const*, double*, int, int) range=[-2,1] count=128
#nixnan: f64 bin has reached threshold: function=compute_multipliers_kernel(double const*, double*, int, int) range=[562,565] count=128
#nixnan: f64 bin has reached threshold: function=compute_multipliers_kernel(double const*, double*, int, int) range=[-2,1] count=128
#nixnan: f64 bin has reached threshold: function=compute_multipliers_kernel(double const*, double*, int, int) range=[-54,-51] count=128
#nixnan: f64 bin has reached threshold: function=compute_multipliers_kernel(double const*, double*, int, int) range=[-2,1] count=128
#nixnan: f64 bin has reached threshold: function=compute_multipliers_kernel(double const*, double*, int, int) range=[-26,-23] count=128
#nixnan: f64 bin has reached threshold: function=compute_multipliers_kernel(double const*, double*, int, int) range=[562,565] count=128
#nixnan: f64 bin has reached threshold: function=compute_multipliers_kernel(double const*, double*, int, int) range=[-2,1] count=128
#nixnan: f64 bin has reached threshold: function=compute_multipliers_kernel(double const*, double*, int, int) range=[-2,1] count=128
#nixnan: f64 bin has reached threshold: function=compute_multipliers_kernel(double const*, double*, int, int) range=[562,565] count=128
#nixnan: f64 bin has reached threshold: function=compute_multipliers_kernel(double const*, double*, int, int) range=[-2,1] count=128
#nixnan: f64 bin has reached threshold: function=compute_multipliers_kernel(double const*, double*, int, int) range=[-26,-23] count=128
#nixnan: f64 bin has reached threshold: function=compute_multipliers_kernel(double const*, double*, int, int) range=[-2,1] count=128
#nixnan: f64 bin has reached threshold: function=compute_multipliers_kernel(double const*, double*, int, int) range=[-22,-19] count=128
#nixnan: f64 bin has reached threshold: function=compute_multipliers_kernel(double const*, double*, int, int) range=[-2,1] count=128
#nixnan: f64 bin has reached threshold: function=compute_multipliers_kernel(double const*, double*, int, int) range=[562,565] count=128
#nixnan: running kernel [apply_permutation_kernel] ...
#nixnan: f64 bin has reached threshold: function=apply_permutation_kernel(double const*, double const*, double*, int) range=[-2,1] count=128
#nixnan: f64 bin has reached threshold: function=apply_permutation_kernel(double const*, double const*, double*, int) range=[-2,1] count=128
#nixnan: f64 bin has reached threshold: function=apply_permutation_kernel(double const*, double const*, double*, int) range=[-2,1] count=128
#nixnan: f64 bin has reached threshold: function=apply_permutation_kernel(double const*, double const*, double*, int) range=[-2,1] count=128
#nixnan: f64 bin has reached threshold: function=apply_permutation_kernel(double const*, double const*, double*, int) range=[-2,1] count=128
#nixnan: f64 bin has reached threshold: function=apply_permutation_kernel(double const*, double const*, double*, int) range=[-2,1] count=128
#nixnan: running kernel [forward_substitution_kernel] ...
#nixnan: error [NaN] detected in operand 2 of instruction DFMA R6, R2, R4, R6 ; in function forward_substitution_kernel at /home/ganesh/repos/nixnan/SC26-expts/lu_solve_gpu/lu_solve_gpu.cu:238 of type f64
#nixnan: error [NaN] detected in operand 0 of instruction DFMA R6, R2, R4, R6 ; in function forward_substitution_kernel at /home/ganesh/repos/nixnan/SC26-expts/lu_solve_gpu/lu_solve_gpu.cu:238 of type f64
#nixnan: error [NaN] detected in operand 2 of instruction DADD R6, R2, -R6 ; in function forward_substitution_kernel at /home/ganesh/repos/nixnan/SC26-expts/lu_solve_gpu/lu_solve_gpu.cu:239 of type f64
#nixnan: error [NaN] detected in operand 0 of instruction DADD R6, R2, -R6 ; in function forward_substitution_kernel at /home/ganesh/repos/nixnan/SC26-expts/lu_solve_gpu/lu_solve_gpu.cu:239 of type f64
#nixnan: error [NaN] detected in operand 1 of instruction STG.E.64 [R4.64], R6 ; in function forward_substitution_kernel at /home/ganesh/repos/nixnan/SC26-expts/lu_solve_gpu/lu_solve_gpu.cu:239 of type f64
#nixnan: error [NaN] detected in operand 1 of instruction DFMA R6, R2, R4, R6 ; in function forward_substitution_kernel at /home/ganesh/repos/nixnan/SC26-expts/lu_solve_gpu/lu_solve_gpu.cu:238 of type f64
#nixnan: error [NaN] detected in operand 2 of instruction DFMA R6, R2, R4, R6 ; in function forward_substitution_kernel at /home/ganesh/repos/nixnan/SC26-expts/lu_solve_gpu/lu_solve_gpu.cu:238 of type f64
#nixnan: error [NaN] detected in operand 3 of instruction DFMA R6, R2, R4, R6 ; in function forward_substitution_kernel at /home/ganesh/repos/nixnan/SC26-expts/lu_solve_gpu/lu_solve_gpu.cu:238 of type f64
#nixnan: error [NaN] detected in operand 0 of instruction DFMA R6, R2, R4, R6 ; in function forward_substitution_kernel at /home/ganesh/repos/nixnan/SC26-expts/lu_solve_gpu/lu_solve_gpu.cu:238 of type f64
#nixnan: error [NaN] detected in operand 1 of instruction @P0 DFMA R6, R8, R10, R6 ; in function forward_substitution_kernel at /home/ganesh/repos/nixnan/SC26-expts/lu_solve_gpu/lu_solve_gpu.cu:238 of type f64
#nixnan: error [NaN] detected in operand 2 of instruction @P0 DFMA R6, R8, R10, R6 ; in function forward_substitution_kernel at /home/ganesh/repos/nixnan/SC26-expts/lu_solve_gpu/lu_solve_gpu.cu:238 of type f64
#nixnan: error [NaN] detected in operand 3 of instruction @P0 DFMA R6, R8, R10, R6 ; in function forward_substitution_kernel at /home/ganesh/repos/nixnan/SC26-expts/lu_solve_gpu/lu_solve_gpu.cu:238 of type f64
#nixnan: error [NaN] detected in operand 0 of instruction @P0 DFMA R6, R8, R10, R6 ; in function forward_substitution_kernel at /home/ganesh/repos/nixnan/SC26-expts/lu_solve_gpu/lu_solve_gpu.cu:238 of type f64
#nixnan: error [NaN] detected in operand 2 of instruction DFMA R12, R16, R18, R12 ; in function forward_substitution_kernel at /home/ganesh/repos/nixnan/SC26-expts/lu_solve_gpu/lu_solve_gpu.cu:238 of type f64
#nixnan: error [NaN] detected in operand 0 of instruction DFMA R12, R16, R18, R12 ; in function forward_substitution_kernel at /home/ganesh/repos/nixnan/SC26-expts/lu_solve_gpu/lu_solve_gpu.cu:238 of type f64
#nixnan: error [NaN] detected in operand 1 of instruction DFMA R6, R6, R20, R12 ; in function forward_substitution_kernel at /home/ganesh/repos/nixnan/SC26-expts/lu_solve_gpu/lu_solve_gpu.cu:238 of type f64
#nixnan: error [NaN] detected in operand 2 of instruction DFMA R6, R6, R20, R12 ; in function forward_substitution_kernel at /home/ganesh/repos/nixnan/SC26-expts/lu_solve_gpu/lu_solve_gpu.cu:238 of type f64
#nixnan: error [NaN] detected in operand 3 of instruction DFMA R6, R6, R20, R12 ; in function forward_substitution_kernel at /home/ganesh/repos/nixnan/SC26-expts/lu_solve_gpu/lu_solve_gpu.cu:238 of type f64
#nixnan: error [NaN] detected in operand 0 of instruction DFMA R6, R6, R20, R12 ; in function forward_substitution_kernel at /home/ganesh/repos/nixnan/SC26-expts/lu_solve_gpu/lu_solve_gpu.cu:238 of type f64
#nixnan: error [NaN] detected in operand 1 of instruction DFMA R6, R22, R24, R6 ; in function forward_substitution_kernel at /home/ganesh/repos/nixnan/SC26-expts/lu_solve_gpu/lu_solve_gpu.cu:238 of type f64
#nixnan: error [NaN] detected in operand 2 of instruction DFMA R6, R22, R24, R6 ; in function forward_substitution_kernel at /home/ganesh/repos/nixnan/SC26-expts/lu_solve_gpu/lu_solve_gpu.cu:238 of type f64
#nixnan: error [NaN] detected in operand 3 of instruction DFMA R6, R22, R24, R6 ; in function forward_substitution_kernel at /home/ganesh/repos/nixnan/SC26-expts/lu_solve_gpu/lu_solve_gpu.cu:238 of type f64
#nixnan: error [NaN] detected in operand 0 of instruction DFMA R6, R22, R24, R6 ; in function forward_substitution_kernel at /home/ganesh/repos/nixnan/SC26-expts/lu_solve_gpu/lu_solve_gpu.cu:238 of type f64
#nixnan: error [NaN] detected in operand 1 of instruction DFMA R6, R10, R8, R6 ; in function forward_substitution_kernel at /home/ganesh/repos/nixnan/SC26-expts/lu_solve_gpu/lu_solve_gpu.cu:238 of type f64
#nixnan: error [NaN] detected in operand 2 of instruction DFMA R6, R10, R8, R6 ; in function forward_substitution_kernel at /home/ganesh/repos/nixnan/SC26-expts/lu_solve_gpu/lu_solve_gpu.cu:238 of type f64
#nixnan: error [NaN] detected in operand 3 of instruction DFMA R6, R10, R8, R6 ; in function forward_substitution_kernel at /home/ganesh/repos/nixnan/SC26-expts/lu_solve_gpu/lu_solve_gpu.cu:238 of type f64
#nixnan: error [NaN] detected in operand 0 of instruction DFMA R6, R10, R8, R6 ; in function forward_substitution_kernel at /home/ganesh/repos/nixnan/SC26-expts/lu_solve_gpu/lu_solve_gpu.cu:238 of type f64
#nixnan: error [NaN] detected in operand 1 of instruction DFMA R6, R2, R4, R6 ; in function forward_substitution_kernel at /home/ganesh/repos/nixnan/SC26-expts/lu_solve_gpu/lu_solve_gpu.cu:238 of type f64
#nixnan: error [NaN] detected in operand 3 of instruction DFMA R6, R2, R4, R6 ; in function forward_substitution_kernel at /home/ganesh/repos/nixnan/SC26-expts/lu_solve_gpu/lu_solve_gpu.cu:238 of type f64
#nixnan: error [NaN] detected in operand 1 of instruction DFMA R12, R12, R14, R6 ; in function forward_substitution_kernel at /home/ganesh/repos/nixnan/SC26-expts/lu_solve_gpu/lu_solve_gpu.cu:238 of type f64
#nixnan: error [NaN] detected in operand 2 of instruction DFMA R12, R12, R14, R6 ; in function forward_substitution_kernel at /home/ganesh/repos/nixnan/SC26-expts/lu_solve_gpu/lu_solve_gpu.cu:238 of type f64
#nixnan: error [NaN] detected in operand 3 of instruction DFMA R12, R12, R14, R6 ; in function forward_substitution_kernel at /home/ganesh/repos/nixnan/SC26-expts/lu_solve_gpu/lu_solve_gpu.cu:238 of type f64
#nixnan: error [NaN] detected in operand 0 of instruction DFMA R12, R12, R14, R6 ; in function forward_substitution_kernel at /home/ganesh/repos/nixnan/SC26-expts/lu_solve_gpu/lu_solve_gpu.cu:238 of type f64
#nixnan: error [NaN] detected in operand 1 of instruction DFMA R12, R16, R18, R12 ; in function forward_substitution_kernel at /home/ganesh/repos/nixnan/SC26-expts/lu_solve_gpu/lu_solve_gpu.cu:238 of type f64
#nixnan: error [NaN] detected in operand 2 of instruction DFMA R12, R16, R18, R12 ; in function forward_substitution_kernel at /home/ganesh/repos/nixnan/SC26-expts/lu_solve_gpu/lu_solve_gpu.cu:238 of type f64
#nixnan: error [NaN] detected in operand 3 of instruction DFMA R12, R16, R18, R12 ; in function forward_substitution_kernel at /home/ganesh/repos/nixnan/SC26-expts/lu_solve_gpu/lu_solve_gpu.cu:238 of type f64
#nixnan: error [NaN] detected in operand 0 of instruction DFMA R12, R16, R18, R12 ; in function forward_substitution_kernel at /home/ganesh/repos/nixnan/SC26-expts/lu_solve_gpu/lu_solve_gpu.cu:238 of type f64
#nixnan: error [NaN] detected in operand 1 of instruction DFMA R12, R20, R22, R12 ; in function forward_substitution_kernel at /home/ganesh/repos/nixnan/SC26-expts/lu_solve_gpu/lu_solve_gpu.cu:238 of type f64
#nixnan: error [NaN] detected in operand 2 of instruction DFMA R12, R20, R22, R12 ; in function forward_substitution_kernel at /home/ganesh/repos/nixnan/SC26-expts/lu_solve_gpu/lu_solve_gpu.cu:238 of type f64
#nixnan: error [NaN] detected in operand 3 of instruction DFMA R12, R20, R22, R12 ; in function forward_substitution_kernel at /home/ganesh/repos/nixnan/SC26-expts/lu_solve_gpu/lu_solve_gpu.cu:238 of type f64
#nixnan: error [NaN] detected in operand 0 of instruction DFMA R12, R20, R22, R12 ; in function forward_substitution_kernel at /home/ganesh/repos/nixnan/SC26-expts/lu_solve_gpu/lu_solve_gpu.cu:238 of type f64
#nixnan: error [NaN] detected in operand 1 of instruction DFMA R6, R8, R10, R12 ; in function forward_substitution_kernel at /home/ganesh/repos/nixnan/SC26-expts/lu_solve_gpu/lu_solve_gpu.cu:238 of type f64
#nixnan: error [NaN] detected in operand 2 of instruction DFMA R6, R8, R10, R12 ; in function forward_substitution_kernel at /home/ganesh/repos/nixnan/SC26-expts/lu_solve_gpu/lu_solve_gpu.cu:238 of type f64
#nixnan: error [NaN] detected in operand 3 of instruction DFMA R6, R8, R10, R12 ; in function forward_substitution_kernel at /home/ganesh/repos/nixnan/SC26-expts/lu_solve_gpu/lu_solve_gpu.cu:238 of type f64
#nixnan: error [NaN] detected in operand 0 of instruction DFMA R6, R8, R10, R12 ; in function forward_substitution_kernel at /home/ganesh/repos/nixnan/SC26-expts/lu_solve_gpu/lu_solve_gpu.cu:238 of type f64
#nixnan: error [NaN] detected in operand 2 of instruction DFMA R30, R18, R20, R30 ; in function forward_substitution_kernel at /home/ganesh/repos/nixnan/SC26-expts/lu_solve_gpu/lu_solve_gpu.cu:238 of type f64
#nixnan: error [NaN] detected in operand 0 of instruction DFMA R30, R18, R20, R30 ; in function forward_substitution_kernel at /home/ganesh/repos/nixnan/SC26-expts/lu_solve_gpu/lu_solve_gpu.cu:238 of type f64
#nixnan: error [NaN] detected in operand 1 of instruction DFMA R30, R22, R24, R30 ; in function forward_substitution_kernel at /home/ganesh/repos/nixnan/SC26-expts/lu_solve_gpu/lu_solve_gpu.cu:238 of type f64
#nixnan: error [NaN] detected in operand 2 of instruction DFMA R30, R22, R24, R30 ; in function forward_substitution_kernel at /home/ganesh/repos/nixnan/SC26-expts/lu_solve_gpu/lu_solve_gpu.cu:238 of type f64
#nixnan: error [NaN] detected in operand 3 of instruction DFMA R30, R22, R24, R30 ; in function forward_substitution_kernel at /home/ganesh/repos/nixnan/SC26-expts/lu_solve_gpu/lu_solve_gpu.cu:238 of type f64
#nixnan: error [NaN] detected in operand 0 of instruction DFMA R30, R22, R24, R30 ; in function forward_substitution_kernel at /home/ganesh/repos/nixnan/SC26-expts/lu_solve_gpu/lu_solve_gpu.cu:238 of type f64
#nixnan: error [NaN] detected in operand 1 of instruction DFMA R30, R6, R8, R30 ; in function forward_substitution_kernel at /home/ganesh/repos/nixnan/SC26-expts/lu_solve_gpu/lu_solve_gpu.cu:238 of type f64
#nixnan: error [NaN] detected in operand 2 of instruction DFMA R30, R6, R8, R30 ; in function forward_substitution_kernel at /home/ganesh/repos/nixnan/SC26-expts/lu_solve_gpu/lu_solve_gpu.cu:238 of type f64
#nixnan: error [NaN] detected in operand 3 of instruction DFMA R30, R6, R8, R30 ; in function forward_substitution_kernel at /home/ganesh/repos/nixnan/SC26-expts/lu_solve_gpu/lu_solve_gpu.cu:238 of type f64
#nixnan: error [NaN] detected in operand 0 of instruction DFMA R30, R6, R8, R30 ; in function forward_substitution_kernel at /home/ganesh/repos/nixnan/SC26-expts/lu_solve_gpu/lu_solve_gpu.cu:238 of type f64
#nixnan: error [NaN] detected in operand 1 of instruction DFMA R30, R10, R12, R30 ; in function forward_substitution_kernel at /home/ganesh/repos/nixnan/SC26-expts/lu_solve_gpu/lu_solve_gpu.cu:238 of type f64
#nixnan: error [NaN] detected in operand 2 of instruction DFMA R30, R10, R12, R30 ; in function forward_substitution_kernel at /home/ganesh/repos/nixnan/SC26-expts/lu_solve_gpu/lu_solve_gpu.cu:238 of type f64
#nixnan: error [NaN] detected in operand 3 of instruction DFMA R30, R10, R12, R30 ; in function forward_substitution_kernel at /home/ganesh/repos/nixnan/SC26-expts/lu_solve_gpu/lu_solve_gpu.cu:238 of type f64
#nixnan: error [NaN] detected in operand 0 of instruction DFMA R30, R10, R12, R30 ; in function forward_substitution_kernel at /home/ganesh/repos/nixnan/SC26-expts/lu_solve_gpu/lu_solve_gpu.cu:238 of type f64
#nixnan: error [NaN] detected in operand 1 of instruction DFMA R30, R14, R16, R30 ; in function forward_substitution_kernel at /home/ganesh/repos/nixnan/SC26-expts/lu_solve_gpu/lu_solve_gpu.cu:238 of type f64
#nixnan: error [NaN] detected in operand 2 of instruction DFMA R30, R14, R16, R30 ; in function forward_substitution_kernel at /home/ganesh/repos/nixnan/SC26-expts/lu_solve_gpu/lu_solve_gpu.cu:238 of type f64
#nixnan: error [NaN] detected in operand 3 of instruction DFMA R30, R14, R16, R30 ; in function forward_substitution_kernel at /home/ganesh/repos/nixnan/SC26-expts/lu_solve_gpu/lu_solve_gpu.cu:238 of type f64
#nixnan: error [NaN] detected in operand 0 of instruction DFMA R30, R14, R16, R30 ; in function forward_substitution_kernel at /home/ganesh/repos/nixnan/SC26-expts/lu_solve_gpu/lu_solve_gpu.cu:238 of type f64
#nixnan: error [NaN] detected in operand 1 of instruction DFMA R30, R18, R20, R30 ; in function forward_substitution_kernel at /home/ganesh/repos/nixnan/SC26-expts/lu_solve_gpu/lu_solve_gpu.cu:238 of type f64
#nixnan: error [NaN] detected in operand 2 of instruction DFMA R30, R18, R20, R30 ; in function forward_substitution_kernel at /home/ganesh/repos/nixnan/SC26-expts/lu_solve_gpu/lu_solve_gpu.cu:238 of type f64
#nixnan: error [NaN] detected in operand 3 of instruction DFMA R30, R18, R20, R30 ; in function forward_substitution_kernel at /home/ganesh/repos/nixnan/SC26-expts/lu_solve_gpu/lu_solve_gpu.cu:238 of type f64
#nixnan: error [NaN] detected in operand 0 of instruction DFMA R30, R18, R20, R30 ; in function forward_substitution_kernel at /home/ganesh/repos/nixnan/SC26-expts/lu_solve_gpu/lu_solve_gpu.cu:238 of type f64
#nixnan: error [NaN] detected in operand 1 of instruction DFMA R30, R24, R22, R30 ; in function forward_substitution_kernel at /home/ganesh/repos/nixnan/SC26-expts/lu_solve_gpu/lu_solve_gpu.cu:238 of type f64
#nixnan: error [NaN] detected in operand 2 of instruction DFMA R30, R24, R22, R30 ; in function forward_substitution_kernel at /home/ganesh/repos/nixnan/SC26-expts/lu_solve_gpu/lu_solve_gpu.cu:238 of type f64
#nixnan: error [NaN] detected in operand 3 of instruction DFMA R30, R24, R22, R30 ; in function forward_substitution_kernel at /home/ganesh/repos/nixnan/SC26-expts/lu_solve_gpu/lu_solve_gpu.cu:238 of type f64
#nixnan: error [NaN] detected in operand 0 of instruction DFMA R30, R24, R22, R30 ; in function forward_substitution_kernel at /home/ganesh/repos/nixnan/SC26-expts/lu_solve_gpu/lu_solve_gpu.cu:238 of type f64
#nixnan: error [NaN] detected in operand 1 of instruction DFMA R6, R8, R6, R30 ; in function forward_substitution_kernel at /home/ganesh/repos/nixnan/SC26-expts/lu_solve_gpu/lu_solve_gpu.cu:238 of type f64
#nixnan: error [NaN] detected in operand 2 of instruction DFMA R6, R8, R6, R30 ; in function forward_substitution_kernel at /home/ganesh/repos/nixnan/SC26-expts/lu_solve_gpu/lu_solve_gpu.cu:238 of type f64
#nixnan: error [NaN] detected in operand 3 of instruction DFMA R6, R8, R6, R30 ; in function forward_substitution_kernel at /home/ganesh/repos/nixnan/SC26-expts/lu_solve_gpu/lu_solve_gpu.cu:238 of type f64
#nixnan: error [NaN] detected in operand 0 of instruction DFMA R6, R8, R6, R30 ; in function forward_substitution_kernel at /home/ganesh/repos/nixnan/SC26-expts/lu_solve_gpu/lu_solve_gpu.cu:238 of type f64
#nixnan: error [NaN] detected in operand 1 of instruction DFMA R6, R10, R12, R6 ; in function forward_substitution_kernel at /home/ganesh/repos/nixnan/SC26-expts/lu_solve_gpu/lu_solve_gpu.cu:238 of type f64
#nixnan: error [NaN] detected in operand 2 of instruction DFMA R6, R10, R12, R6 ; in function forward_substitution_kernel at /home/ganesh/repos/nixnan/SC26-expts/lu_solve_gpu/lu_solve_gpu.cu:238 of type f64
#nixnan: error [NaN] detected in operand 3 of instruction DFMA R6, R10, R12, R6 ; in function forward_substitution_kernel at /home/ganesh/repos/nixnan/SC26-expts/lu_solve_gpu/lu_solve_gpu.cu:238 of type f64
#nixnan: error [NaN] detected in operand 0 of instruction DFMA R6, R10, R12, R6 ; in function forward_substitution_kernel at /home/ganesh/repos/nixnan/SC26-expts/lu_solve_gpu/lu_solve_gpu.cu:238 of type f64
#nixnan: error [NaN] detected in operand 1 of instruction DFMA R6, R14, R16, R6 ; in function forward_substitution_kernel at /home/ganesh/repos/nixnan/SC26-expts/lu_solve_gpu/lu_solve_gpu.cu:238 of type f64
#nixnan: error [NaN] detected in operand 2 of instruction DFMA R6, R14, R16, R6 ; in function forward_substitution_kernel at /home/ganesh/repos/nixnan/SC26-expts/lu_solve_gpu/lu_solve_gpu.cu:238 of type f64
#nixnan: error [NaN] detected in operand 3 of instruction DFMA R6, R14, R16, R6 ; in function forward_substitution_kernel at /home/ganesh/repos/nixnan/SC26-expts/lu_solve_gpu/lu_solve_gpu.cu:238 of type f64
#nixnan: error [NaN] detected in operand 0 of instruction DFMA R6, R14, R16, R6 ; in function forward_substitution_kernel at /home/ganesh/repos/nixnan/SC26-expts/lu_solve_gpu/lu_solve_gpu.cu:238 of type f64
#nixnan: error [NaN] detected in operand 1 of instruction DFMA R6, R18, R20, R6 ; in function forward_substitution_kernel at /home/ganesh/repos/nixnan/SC26-expts/lu_solve_gpu/lu_solve_gpu.cu:238 of type f64
#nixnan: error [NaN] detected in operand 2 of instruction DFMA R6, R18, R20, R6 ; in function forward_substitution_kernel at /home/ganesh/repos/nixnan/SC26-expts/lu_solve_gpu/lu_solve_gpu.cu:238 of type f64
#nixnan: error [NaN] detected in operand 3 of instruction DFMA R6, R18, R20, R6 ; in function forward_substitution_kernel at /home/ganesh/repos/nixnan/SC26-expts/lu_solve_gpu/lu_solve_gpu.cu:238 of type f64
#nixnan: error [NaN] detected in operand 0 of instruction DFMA R6, R18, R20, R6 ; in function forward_substitution_kernel at /home/ganesh/repos/nixnan/SC26-expts/lu_solve_gpu/lu_solve_gpu.cu:238 of type f64
#nixnan: error [NaN] detected in operand 1 of instruction DFMA R6, R22, R24, R6 ; in function forward_substitution_kernel at /home/ganesh/repos/nixnan/SC26-expts/lu_solve_gpu/lu_solve_gpu.cu:238 of type f64
#nixnan: error [NaN] detected in operand 2 of instruction DFMA R6, R22, R24, R6 ; in function forward_substitution_kernel at /home/ganesh/repos/nixnan/SC26-expts/lu_solve_gpu/lu_solve_gpu.cu:238 of type f64
#nixnan: error [NaN] detected in operand 3 of instruction DFMA R6, R22, R24, R6 ; in function forward_substitution_kernel at /home/ganesh/repos/nixnan/SC26-expts/lu_solve_gpu/lu_solve_gpu.cu:238 of type f64
#nixnan: error [NaN] detected in operand 0 of instruction DFMA R6, R22, R24, R6 ; in function forward_substitution_kernel at /home/ganesh/repos/nixnan/SC26-expts/lu_solve_gpu/lu_solve_gpu.cu:238 of type f64
#nixnan: f64 bin has reached threshold: function=forward_substitution_kernel(double const*, double const*, double*, int) range=[-2,1] count=128
#nixnan: running kernel [backward_substitution_kernel] ...
#nixnan: error [NaN] detected in operand 1 of instruction MUFU.RCP64H R9, R7 ; in function backward_substitution_kernel at /home/ganesh/repos/nixnan/SC26-expts/lu_solve_gpu/lu_solve_gpu.cu:253 of type f64
#nixnan: error [NaN] detected in operand 0 of instruction MUFU.RCP64H R9, R7 ; in function backward_substitution_kernel at /home/ganesh/repos/nixnan/SC26-expts/lu_solve_gpu/lu_solve_gpu.cu:253 of type f64
#nixnan: error [NaN] detected in operand 1 of instruction DFMA R10, -R6, R8, 1 ; in function backward_substitution_kernel at /home/ganesh/repos/nixnan/SC26-expts/lu_solve_gpu/lu_solve_gpu.cu:253 of type f64
#nixnan: error [NaN] detected in operand 2 of instruction DFMA R10, -R6, R8, 1 ; in function backward_substitution_kernel at /home/ganesh/repos/nixnan/SC26-expts/lu_solve_gpu/lu_solve_gpu.cu:253 of type f64
#nixnan: error [NaN] detected in operand 0 of instruction DFMA R10, -R6, R8, 1 ; in function backward_substitution_kernel at /home/ganesh/repos/nixnan/SC26-expts/lu_solve_gpu/lu_solve_gpu.cu:253 of type f64
#nixnan: error [NaN] detected in operand 1 of instruction DFMA R10, R10, R10, R10 ; in function backward_substitution_kernel at /home/ganesh/repos/nixnan/SC26-expts/lu_solve_gpu/lu_solve_gpu.cu:253 of type f64
#nixnan: error [NaN] detected in operand 2 of instruction DFMA R10, R10, R10, R10 ; in function backward_substitution_kernel at /home/ganesh/repos/nixnan/SC26-expts/lu_solve_gpu/lu_solve_gpu.cu:253 of type f64
#nixnan: error [NaN] detected in operand 3 of instruction DFMA R10, R10, R10, R10 ; in function backward_substitution_kernel at /home/ganesh/repos/nixnan/SC26-expts/lu_solve_gpu/lu_solve_gpu.cu:253 of type f64
#nixnan: error [NaN] detected in operand 0 of instruction DFMA R10, R10, R10, R10 ; in function backward_substitution_kernel at /home/ganesh/repos/nixnan/SC26-expts/lu_solve_gpu/lu_solve_gpu.cu:253 of type f64
#nixnan: error [NaN] detected in operand 1 of instruction DFMA R8, R8, R10, R8 ; in function backward_substitution_kernel at /home/ganesh/repos/nixnan/SC26-expts/lu_solve_gpu/lu_solve_gpu.cu:253 of type f64
#nixnan: error [NaN] detected in operand 2 of instruction DFMA R8, R8, R10, R8 ; in function backward_substitution_kernel at /home/ganesh/repos/nixnan/SC26-expts/lu_solve_gpu/lu_solve_gpu.cu:253 of type f64
#nixnan: error [NaN] detected in operand 3 of instruction DFMA R8, R8, R10, R8 ; in function backward_substitution_kernel at /home/ganesh/repos/nixnan/SC26-expts/lu_solve_gpu/lu_solve_gpu.cu:253 of type f64
#nixnan: error [NaN] detected in operand 0 of instruction DFMA R8, R8, R10, R8 ; in function backward_substitution_kernel at /home/ganesh/repos/nixnan/SC26-expts/lu_solve_gpu/lu_solve_gpu.cu:253 of type f64
#nixnan: error [NaN] detected in operand 1 of instruction DADD R10, R2, -R14 ; in function backward_substitution_kernel at /home/ganesh/repos/nixnan/SC26-expts/lu_solve_gpu/lu_solve_gpu.cu:253 of type f64
#nixnan: error [NaN] detected in operand 0 of instruction DADD R10, R2, -R14 ; in function backward_substitution_kernel at /home/ganesh/repos/nixnan/SC26-expts/lu_solve_gpu/lu_solve_gpu.cu:253 of type f64
#nixnan: error [NaN] detected in operand 1 of instruction DFMA R12, -R6, R8, 1 ; in function backward_substitution_kernel at /home/ganesh/repos/nixnan/SC26-expts/lu_solve_gpu/lu_solve_gpu.cu:253 of type f64
#nixnan: error [NaN] detected in operand 2 of instruction DFMA R12, -R6, R8, 1 ; in function backward_substitution_kernel at /home/ganesh/repos/nixnan/SC26-expts/lu_solve_gpu/lu_solve_gpu.cu:253 of type f64
#nixnan: error [NaN] detected in operand 0 of instruction DFMA R12, -R6, R8, 1 ; in function backward_substitution_kernel at /home/ganesh/repos/nixnan/SC26-expts/lu_solve_gpu/lu_solve_gpu.cu:253 of type f64
#nixnan: error [NaN] detected in operand 1 of instruction DFMA R12, R8, R12, R8 ; in function backward_substitution_kernel at /home/ganesh/repos/nixnan/SC26-expts/lu_solve_gpu/lu_solve_gpu.cu:253 of type f64
#nixnan: error [NaN] detected in operand 2 of instruction DFMA R12, R8, R12, R8 ; in function backward_substitution_kernel at /home/ganesh/repos/nixnan/SC26-expts/lu_solve_gpu/lu_solve_gpu.cu:253 of type f64
#nixnan: error [NaN] detected in operand 3 of instruction DFMA R12, R8, R12, R8 ; in function backward_substitution_kernel at /home/ganesh/repos/nixnan/SC26-expts/lu_solve_gpu/lu_solve_gpu.cu:253 of type f64
#nixnan: error [NaN] detected in operand 0 of instruction DFMA R12, R8, R12, R8 ; in function backward_substitution_kernel at /home/ganesh/repos/nixnan/SC26-expts/lu_solve_gpu/lu_solve_gpu.cu:253 of type f64
#nixnan: error [NaN] detected in operand 1 of instruction DMUL R8, R10, R12 ; in function backward_substitution_kernel at /home/ganesh/repos/nixnan/SC26-expts/lu_solve_gpu/lu_solve_gpu.cu:253 of type f64
#nixnan: error [NaN] detected in operand 2 of instruction DMUL R8, R10, R12 ; in function backward_substitution_kernel at /home/ganesh/repos/nixnan/SC26-expts/lu_solve_gpu/lu_solve_gpu.cu:253 of type f64
#nixnan: error [NaN] detected in operand 0 of instruction DMUL R8, R10, R12 ; in function backward_substitution_kernel at /home/ganesh/repos/nixnan/SC26-expts/lu_solve_gpu/lu_solve_gpu.cu:253 of type f64
#nixnan: error [NaN] detected in operand 1 of instruction DFMA R14, -R6, R8, R10 ; in function backward_substitution_kernel at /home/ganesh/repos/nixnan/SC26-expts/lu_solve_gpu/lu_solve_gpu.cu:253 of type f64
#nixnan: error [NaN] detected in operand 2 of instruction DFMA R14, -R6, R8, R10 ; in function backward_substitution_kernel at /home/ganesh/repos/nixnan/SC26-expts/lu_solve_gpu/lu_solve_gpu.cu:253 of type f64
#nixnan: error [NaN] detected in operand 3 of instruction DFMA R14, -R6, R8, R10 ; in function backward_substitution_kernel at /home/ganesh/repos/nixnan/SC26-expts/lu_solve_gpu/lu_solve_gpu.cu:253 of type f64
#nixnan: error [NaN] detected in operand 0 of instruction DFMA R14, -R6, R8, R10 ; in function backward_substitution_kernel at /home/ganesh/repos/nixnan/SC26-expts/lu_solve_gpu/lu_solve_gpu.cu:253 of type f64
#nixnan: error [NaN] detected in operand 1 of instruction DFMA R2, R12, R14, R8 ; in function backward_substitution_kernel at /home/ganesh/repos/nixnan/SC26-expts/lu_solve_gpu/lu_solve_gpu.cu:253 of type f64
#nixnan: error [NaN] detected in operand 2 of instruction DFMA R2, R12, R14, R8 ; in function backward_substitution_kernel at /home/ganesh/repos/nixnan/SC26-expts/lu_solve_gpu/lu_solve_gpu.cu:253 of type f64
#nixnan: error [NaN] detected in operand 3 of instruction DFMA R2, R12, R14, R8 ; in function backward_substitution_kernel at /home/ganesh/repos/nixnan/SC26-expts/lu_solve_gpu/lu_solve_gpu.cu:253 of type f64
#nixnan: error [NaN] detected in operand 0 of instruction DFMA R2, R12, R14, R8 ; in function backward_substitution_kernel at /home/ganesh/repos/nixnan/SC26-expts/lu_solve_gpu/lu_solve_gpu.cu:253 of type f64
#nixnan: error [NaN] detected in operand 2 of instruction FFMA R8, RZ, R7, R3 ; in function backward_substitution_kernel at /home/ganesh/repos/nixnan/SC26-expts/lu_solve_gpu/lu_solve_gpu.cu:253 of type f32
#nixnan: error [NaN] detected in operand 3 of instruction FFMA R8, RZ, R7, R3 ; in function backward_substitution_kernel at /home/ganesh/repos/nixnan/SC26-expts/lu_solve_gpu/lu_solve_gpu.cu:253 of type f32
#nixnan: error [NaN] detected in operand 0 of instruction FFMA R8, RZ, R7, R3 ; in function backward_substitution_kernel at /home/ganesh/repos/nixnan/SC26-expts/lu_solve_gpu/lu_solve_gpu.cu:253 of type f32
#nixnan: error [NaN] detected in operand 1 of instruction DFMA R14, R14, R2, RZ ; in function backward_substitution_kernel at /home/ganesh/repos/nixnan/SC26-expts/lu_solve_gpu/lu_solve_gpu.cu:252 of type f64
#nixnan: error [NaN] detected in operand 2 of instruction DFMA R14, R14, R2, RZ ; in function backward_substitution_kernel at /home/ganesh/repos/nixnan/SC26-expts/lu_solve_gpu/lu_solve_gpu.cu:252 of type f64
#nixnan: error [NaN] detected in operand 0 of instruction DFMA R14, R14, R2, RZ ; in function backward_substitution_kernel at /home/ganesh/repos/nixnan/SC26-expts/lu_solve_gpu/lu_solve_gpu.cu:252 of type f64
#nixnan: error [NaN] detected in operand 2 of instruction DADD R10, R2, -R14 ; in function backward_substitution_kernel at /home/ganesh/repos/nixnan/SC26-expts/lu_solve_gpu/lu_solve_gpu.cu:253 of type f64
#nixnan: error [NaN] detected in operand 1 of instruction DFMA R14, R2, R8, R14 ; in function backward_substitution_kernel at /home/ganesh/repos/nixnan/SC26-expts/lu_solve_gpu/lu_solve_gpu.cu:252 of type f64
#nixnan: error [NaN] detected in operand 2 of instruction DFMA R14, R2, R8, R14 ; in function backward_substitution_kernel at /home/ganesh/repos/nixnan/SC26-expts/lu_solve_gpu/lu_solve_gpu.cu:252 of type f64
#nixnan: error [NaN] detected in operand 3 of instruction DFMA R14, R2, R8, R14 ; in function backward_substitution_kernel at /home/ganesh/repos/nixnan/SC26-expts/lu_solve_gpu/lu_solve_gpu.cu:252 of type f64
#nixnan: error [NaN] detected in operand 0 of instruction DFMA R14, R2, R8, R14 ; in function backward_substitution_kernel at /home/ganesh/repos/nixnan/SC26-expts/lu_solve_gpu/lu_solve_gpu.cu:252 of type f64
#nixnan: error [NaN] detected in operand 1 of instruction @P0 DFMA R14, R10, R12, R14 ; in function backward_substitution_kernel at /home/ganesh/repos/nixnan/SC26-expts/lu_solve_gpu/lu_solve_gpu.cu:252 of type f64
#nixnan: error [NaN] detected in operand 2 of instruction @P0 DFMA R14, R10, R12, R14 ; in function backward_substitution_kernel at /home/ganesh/repos/nixnan/SC26-expts/lu_solve_gpu/lu_solve_gpu.cu:252 of type f64
#nixnan: error [NaN] detected in operand 3 of instruction @P0 DFMA R14, R10, R12, R14 ; in function backward_substitution_kernel at /home/ganesh/repos/nixnan/SC26-expts/lu_solve_gpu/lu_solve_gpu.cu:252 of type f64
#nixnan: error [NaN] detected in operand 0 of instruction @P0 DFMA R14, R10, R12, R14 ; in function backward_substitution_kernel at /home/ganesh/repos/nixnan/SC26-expts/lu_solve_gpu/lu_solve_gpu.cu:252 of type f64
#nixnan: error [NaN] detected in operand 1 of instruction DFMA R18, R18, R20, R14 ; in function backward_substitution_kernel at /home/ganesh/repos/nixnan/SC26-expts/lu_solve_gpu/lu_solve_gpu.cu:252 of type f64
#nixnan: error [NaN] detected in operand 2 of instruction DFMA R18, R18, R20, R14 ; in function backward_substitution_kernel at /home/ganesh/repos/nixnan/SC26-expts/lu_solve_gpu/lu_solve_gpu.cu:252 of type f64
#nixnan: error [NaN] detected in operand 0 of instruction DFMA R18, R18, R20, R14 ; in function backward_substitution_kernel at /home/ganesh/repos/nixnan/SC26-expts/lu_solve_gpu/lu_solve_gpu.cu:252 of type f64
#nixnan: error [NaN] detected in operand 1 of instruction DFMA R18, R24, R26, R18 ; in function backward_substitution_kernel at /home/ganesh/repos/nixnan/SC26-expts/lu_solve_gpu/lu_solve_gpu.cu:252 of type f64
#nixnan: error [NaN] detected in operand 2 of instruction DFMA R18, R24, R26, R18 ; in function backward_substitution_kernel at /home/ganesh/repos/nixnan/SC26-expts/lu_solve_gpu/lu_solve_gpu.cu:252 of type f64
#nixnan: error [NaN] detected in operand 3 of instruction DFMA R18, R24, R26, R18 ; in function backward_substitution_kernel at /home/ganesh/repos/nixnan/SC26-expts/lu_solve_gpu/lu_solve_gpu.cu:252 of type f64
#nixnan: error [NaN] detected in operand 0 of instruction DFMA R18, R24, R26, R18 ; in function backward_substitution_kernel at /home/ganesh/repos/nixnan/SC26-expts/lu_solve_gpu/lu_solve_gpu.cu:252 of type f64
#nixnan: error [NaN] detected in operand 1 of instruction DFMA R12, R12, R16, R18 ; in function backward_substitution_kernel at /home/ganesh/repos/nixnan/SC26-expts/lu_solve_gpu/lu_solve_gpu.cu:252 of type f64
#nixnan: error [NaN] detected in operand 2 of instruction DFMA R12, R12, R16, R18 ; in function backward_substitution_kernel at /home/ganesh/repos/nixnan/SC26-expts/lu_solve_gpu/lu_solve_gpu.cu:252 of type f64
#nixnan: error [NaN] detected in operand 3 of instruction DFMA R12, R12, R16, R18 ; in function backward_substitution_kernel at /home/ganesh/repos/nixnan/SC26-expts/lu_solve_gpu/lu_solve_gpu.cu:252 of type f64
#nixnan: error [NaN] detected in operand 0 of instruction DFMA R12, R12, R16, R18 ; in function backward_substitution_kernel at /home/ganesh/repos/nixnan/SC26-expts/lu_solve_gpu/lu_solve_gpu.cu:252 of type f64
#nixnan: error [NaN] detected in operand 1 of instruction DFMA R14, R8, R30, R12 ; in function backward_substitution_kernel at /home/ganesh/repos/nixnan/SC26-expts/lu_solve_gpu/lu_solve_gpu.cu:252 of type f64
#nixnan: error [NaN] detected in operand 2 of instruction DFMA R14, R8, R30, R12 ; in function backward_substitution_kernel at /home/ganesh/repos/nixnan/SC26-expts/lu_solve_gpu/lu_solve_gpu.cu:252 of type f64
#nixnan: error [NaN] detected in operand 3 of instruction DFMA R14, R8, R30, R12 ; in function backward_substitution_kernel at /home/ganesh/repos/nixnan/SC26-expts/lu_solve_gpu/lu_solve_gpu.cu:252 of type f64
#nixnan: error [NaN] detected in operand 0 of instruction DFMA R14, R8, R30, R12 ; in function backward_substitution_kernel at /home/ganesh/repos/nixnan/SC26-expts/lu_solve_gpu/lu_solve_gpu.cu:252 of type f64
#nixnan: error [NaN] detected in operand 3 of instruction DFMA R18, R18, R20, R14 ; in function backward_substitution_kernel at /home/ganesh/repos/nixnan/SC26-expts/lu_solve_gpu/lu_solve_gpu.cu:252 of type f64
#nixnan: error [NaN] detected in operand 1 of instruction DFMA R30, R16, R30, R14 ; in function backward_substitution_kernel at /home/ganesh/repos/nixnan/SC26-expts/lu_solve_gpu/lu_solve_gpu.cu:252 of type f64
#nixnan: error [NaN] detected in operand 2 of instruction DFMA R30, R16, R30, R14 ; in function backward_substitution_kernel at /home/ganesh/repos/nixnan/SC26-expts/lu_solve_gpu/lu_solve_gpu.cu:252 of type f64
#nixnan: error [NaN] detected in operand 0 of instruction DFMA R30, R16, R30, R14 ; in function backward_substitution_kernel at /home/ganesh/repos/nixnan/SC26-expts/lu_solve_gpu/lu_solve_gpu.cu:252 of type f64
#nixnan: error [NaN] detected in operand 1 of instruction DFMA R30, R18, R20, R30 ; in function backward_substitution_kernel at /home/ganesh/repos/nixnan/SC26-expts/lu_solve_gpu/lu_solve_gpu.cu:252 of type f64
#nixnan: error [NaN] detected in operand 2 of instruction DFMA R30, R18, R20, R30 ; in function backward_substitution_kernel at /home/ganesh/repos/nixnan/SC26-expts/lu_solve_gpu/lu_solve_gpu.cu:252 of type f64
#nixnan: error [NaN] detected in operand 3 of instruction DFMA R30, R18, R20, R30 ; in function backward_substitution_kernel at /home/ganesh/repos/nixnan/SC26-expts/lu_solve_gpu/lu_solve_gpu.cu:252 of type f64
#nixnan: error [NaN] detected in operand 0 of instruction DFMA R30, R18, R20, R30 ; in function backward_substitution_kernel at /home/ganesh/repos/nixnan/SC26-expts/lu_solve_gpu/lu_solve_gpu.cu:252 of type f64
#nixnan: error [NaN] detected in operand 1 of instruction DFMA R30, R24, R26, R30 ; in function backward_substitution_kernel at /home/ganesh/repos/nixnan/SC26-expts/lu_solve_gpu/lu_solve_gpu.cu:252 of type f64
#nixnan: error [NaN] detected in operand 2 of instruction DFMA R30, R24, R26, R30 ; in function backward_substitution_kernel at /home/ganesh/repos/nixnan/SC26-expts/lu_solve_gpu/lu_solve_gpu.cu:252 of type f64
#nixnan: error [NaN] detected in operand 3 of instruction DFMA R30, R24, R26, R30 ; in function backward_substitution_kernel at /home/ganesh/repos/nixnan/SC26-expts/lu_solve_gpu/lu_solve_gpu.cu:252 of type f64
#nixnan: error [NaN] detected in operand 0 of instruction DFMA R30, R24, R26, R30 ; in function backward_substitution_kernel at /home/ganesh/repos/nixnan/SC26-expts/lu_solve_gpu/lu_solve_gpu.cu:252 of type f64
#nixnan: error [NaN] detected in operand 1 of instruction DFMA R30, R8, R12, R30 ; in function backward_substitution_kernel at /home/ganesh/repos/nixnan/SC26-expts/lu_solve_gpu/lu_solve_gpu.cu:252 of type f64
#nixnan: error [NaN] detected in operand 2 of instruction DFMA R30, R8, R12, R30 ; in function backward_substitution_kernel at /home/ganesh/repos/nixnan/SC26-expts/lu_solve_gpu/lu_solve_gpu.cu:252 of type f64
#nixnan: error [NaN] detected in operand 3 of instruction DFMA R30, R8, R12, R30 ; in function backward_substitution_kernel at /home/ganesh/repos/nixnan/SC26-expts/lu_solve_gpu/lu_solve_gpu.cu:252 of type f64
#nixnan: error [NaN] detected in operand 0 of instruction DFMA R30, R8, R12, R30 ; in function backward_substitution_kernel at /home/ganesh/repos/nixnan/SC26-expts/lu_solve_gpu/lu_solve_gpu.cu:252 of type f64
#nixnan: error [NaN] detected in operand 1 of instruction DFMA R14, R14, R16, R30 ; in function backward_substitution_kernel at /home/ganesh/repos/nixnan/SC26-expts/lu_solve_gpu/lu_solve_gpu.cu:252 of type f64
#nixnan: error [NaN] detected in operand 2 of instruction DFMA R14, R14, R16, R30 ; in function backward_substitution_kernel at /home/ganesh/repos/nixnan/SC26-expts/lu_solve_gpu/lu_solve_gpu.cu:252 of type f64
#nixnan: error [NaN] detected in operand 3 of instruction DFMA R14, R14, R16, R30 ; in function backward_substitution_kernel at /home/ganesh/repos/nixnan/SC26-expts/lu_solve_gpu/lu_solve_gpu.cu:252 of type f64
#nixnan: error [NaN] detected in operand 0 of instruction DFMA R14, R14, R16, R30 ; in function backward_substitution_kernel at /home/ganesh/repos/nixnan/SC26-expts/lu_solve_gpu/lu_solve_gpu.cu:252 of type f64
#nixnan: error [NaN] detected in operand 1 of instruction DFMA R14, R18, R20, R14 ; in function backward_substitution_kernel at /home/ganesh/repos/nixnan/SC26-expts/lu_solve_gpu/lu_solve_gpu.cu:252 of type f64
#nixnan: error [NaN] detected in operand 2 of instruction DFMA R14, R18, R20, R14 ; in function backward_substitution_kernel at /home/ganesh/repos/nixnan/SC26-expts/lu_solve_gpu/lu_solve_gpu.cu:252 of type f64
#nixnan: error [NaN] detected in operand 3 of instruction DFMA R14, R18, R20, R14 ; in function backward_substitution_kernel at /home/ganesh/repos/nixnan/SC26-expts/lu_solve_gpu/lu_solve_gpu.cu:252 of type f64
#nixnan: error [NaN] detected in operand 0 of instruction DFMA R14, R18, R20, R14 ; in function backward_substitution_kernel at /home/ganesh/repos/nixnan/SC26-expts/lu_solve_gpu/lu_solve_gpu.cu:252 of type f64
#nixnan: error [NaN] detected in operand 1 of instruction DFMA R14, R24, R26, R14 ; in function backward_substitution_kernel at /home/ganesh/repos/nixnan/SC26-expts/lu_solve_gpu/lu_solve_gpu.cu:252 of type f64
#nixnan: error [NaN] detected in operand 2 of instruction DFMA R14, R24, R26, R14 ; in function backward_substitution_kernel at /home/ganesh/repos/nixnan/SC26-expts/lu_solve_gpu/lu_solve_gpu.cu:252 of type f64
#nixnan: error [NaN] detected in operand 3 of instruction DFMA R14, R24, R26, R14 ; in function backward_substitution_kernel at /home/ganesh/repos/nixnan/SC26-expts/lu_solve_gpu/lu_solve_gpu.cu:252 of type f64
#nixnan: error [NaN] detected in operand 0 of instruction DFMA R14, R24, R26, R14 ; in function backward_substitution_kernel at /home/ganesh/repos/nixnan/SC26-expts/lu_solve_gpu/lu_solve_gpu.cu:252 of type f64
#nixnan: error [NaN] detected in operand 1 of instruction DFMA R14, R12, R8, R14 ; in function backward_substitution_kernel at /home/ganesh/repos/nixnan/SC26-expts/lu_solve_gpu/lu_solve_gpu.cu:252 of type f64
#nixnan: error [NaN] detected in operand 2 of instruction DFMA R14, R12, R8, R14 ; in function backward_substitution_kernel at /home/ganesh/repos/nixnan/SC26-expts/lu_solve_gpu/lu_solve_gpu.cu:252 of type f64
#nixnan: error [NaN] detected in operand 3 of instruction DFMA R14, R12, R8, R14 ; in function backward_substitution_kernel at /home/ganesh/repos/nixnan/SC26-expts/lu_solve_gpu/lu_solve_gpu.cu:252 of type f64
#nixnan: error [NaN] detected in operand 0 of instruction DFMA R14, R12, R8, R14 ; in function backward_substitution_kernel at /home/ganesh/repos/nixnan/SC26-expts/lu_solve_gpu/lu_solve_gpu.cu:252 of type f64
#nixnan: f64 bin has reached threshold: function=backward_substitution_kernel(double const*, double const*, double*, int) range=[-2,1] count=128
#nixnan: error [NaN] detected in operand 3 of instruction DFMA R30, R16, R30, R14 ; in function backward_substitution_kernel at /home/ganesh/repos/nixnan/SC26-expts/lu_solve_gpu/lu_solve_gpu.cu:252 of type f64
#nixnan: error [div0] detected in operand 1 of instruction MUFU.RCP64H R9, R7 ; in function backward_substitution_kernel at /home/ganesh/repos/nixnan/SC26-expts/lu_solve_gpu/lu_solve_gpu.cu:253 of type f64
#nixnan: error [infinity] detected in operand 0 of instruction MUFU.RCP64H R9, R7 ; in function backward_substitution_kernel at /home/ganesh/repos/nixnan/SC26-expts/lu_solve_gpu/lu_solve_gpu.cu:253 of type f64
#nixnan: error [div0] detected in operand 1 of instruction MUFU.RCP64H R13, R3 ; in function backward_substitution_kernel at /home/ganesh/repos/nixnan/SC26-expts/lu_solve_gpu/lu_solve_gpu.cu:255 of type f64
#nixnan: error [infinity] detected in operand 0 of instruction MUFU.RCP64H R13, R3 ; in function backward_substitution_kernel at /home/ganesh/repos/nixnan/SC26-expts/lu_solve_gpu/lu_solve_gpu.cu:255 of type f64
#nixnan: error [NaN] detected in operand 1 of instruction DFMA R14, R12, -R2, 1 ; in function backward_substitution_kernel at /home/ganesh/repos/nixnan/SC26-expts/lu_solve_gpu/lu_solve_gpu.cu:255 of type f64
#nixnan: error [NaN] detected in operand 0 of instruction DFMA R14, R12, -R2, 1 ; in function backward_substitution_kernel at /home/ganesh/repos/nixnan/SC26-expts/lu_solve_gpu/lu_solve_gpu.cu:255 of type f64
#nixnan: error [NaN] detected in operand 1 of instruction DFMA R14, R14, R14, R14 ; in function backward_substitution_kernel at /home/ganesh/repos/nixnan/SC26-expts/lu_solve_gpu/lu_solve_gpu.cu:255 of type f64
#nixnan: error [NaN] detected in operand 2 of instruction DFMA R14, R14, R14, R14 ; in function backward_substitution_kernel at /home/ganesh/repos/nixnan/SC26-expts/lu_solve_gpu/lu_solve_gpu.cu:255 of type f64
#nixnan: error [NaN] detected in operand 3 of instruction DFMA R14, R14, R14, R14 ; in function backward_substitution_kernel at /home/ganesh/repos/nixnan/SC26-expts/lu_solve_gpu/lu_solve_gpu.cu:255 of type f64
#nixnan: error [NaN] detected in operand 0 of instruction DFMA R14, R14, R14, R14 ; in function backward_substitution_kernel at /home/ganesh/repos/nixnan/SC26-expts/lu_solve_gpu/lu_solve_gpu.cu:255 of type f64
#nixnan: error [NaN] detected in operand 1 of instruction DFMA R14, R12, R14, R12 ; in function backward_substitution_kernel at /home/ganesh/repos/nixnan/SC26-expts/lu_solve_gpu/lu_solve_gpu.cu:255 of type f64
#nixnan: error [NaN] detected in operand 2 of instruction DFMA R14, R12, R14, R12 ; in function backward_substitution_kernel at /home/ganesh/repos/nixnan/SC26-expts/lu_solve_gpu/lu_solve_gpu.cu:255 of type f64
#nixnan: error [NaN] detected in operand 3 of instruction DFMA R14, R12, R14, R12 ; in function backward_substitution_kernel at /home/ganesh/repos/nixnan/SC26-expts/lu_solve_gpu/lu_solve_gpu.cu:255 of type f64
#nixnan: error [NaN] detected in operand 0 of instruction DFMA R14, R12, R14, R12 ; in function backward_substitution_kernel at /home/ganesh/repos/nixnan/SC26-expts/lu_solve_gpu/lu_solve_gpu.cu:255 of type f64
#nixnan: error [NaN] detected in operand 1 of instruction DFMA R12, R14, -R2, 1 ; in function backward_substitution_kernel at /home/ganesh/repos/nixnan/SC26-expts/lu_solve_gpu/lu_solve_gpu.cu:255 of type f64
#nixnan: error [NaN] detected in operand 0 of instruction DFMA R12, R14, -R2, 1 ; in function backward_substitution_kernel at /home/ganesh/repos/nixnan/SC26-expts/lu_solve_gpu/lu_solve_gpu.cu:255 of type f64
#nixnan: error [NaN] detected in operand 1 of instruction DFMA R14, R14, R12, R14 ; in function backward_substitution_kernel at /home/ganesh/repos/nixnan/SC26-expts/lu_solve_gpu/lu_solve_gpu.cu:255 of type f64
#nixnan: error [NaN] detected in operand 2 of instruction DFMA R14, R14, R12, R14 ; in function backward_substitution_kernel at /home/ganesh/repos/nixnan/SC26-expts/lu_solve_gpu/lu_solve_gpu.cu:255 of type f64
#nixnan: error [NaN] detected in operand 3 of instruction DFMA R14, R14, R12, R14 ; in function backward_substitution_kernel at /home/ganesh/repos/nixnan/SC26-expts/lu_solve_gpu/lu_solve_gpu.cu:255 of type f64
#nixnan: error [NaN] detected in operand 0 of instruction DFMA R14, R14, R12, R14 ; in function backward_substitution_kernel at /home/ganesh/repos/nixnan/SC26-expts/lu_solve_gpu/lu_solve_gpu.cu:255 of type f64
#nixnan: error [NaN] detected in operand 1 of instruction DMUL R18, R14, R12 ; in function backward_substitution_kernel at /home/ganesh/repos/nixnan/SC26-expts/lu_solve_gpu/lu_solve_gpu.cu:255 of type f64
#nixnan: error [NaN] detected in operand 0 of instruction DMUL R18, R14, R12 ; in function backward_substitution_kernel at /home/ganesh/repos/nixnan/SC26-expts/lu_solve_gpu/lu_solve_gpu.cu:255 of type f64
#nixnan: error [NaN] detected in operand 1 of instruction DFMA R20, R18, -R2, R12 ; in function backward_substitution_kernel at /home/ganesh/repos/nixnan/SC26-expts/lu_solve_gpu/lu_solve_gpu.cu:255 of type f64
#nixnan: error [NaN] detected in operand 0 of instruction DFMA R20, R18, -R2, R12 ; in function backward_substitution_kernel at /home/ganesh/repos/nixnan/SC26-expts/lu_solve_gpu/lu_solve_gpu.cu:255 of type f64
#nixnan: error [NaN] detected in operand 1 of instruction DFMA R14, R14, R20, R18 ; in function backward_substitution_kernel at /home/ganesh/repos/nixnan/SC26-expts/lu_solve_gpu/lu_solve_gpu.cu:255 of type f64
#nixnan: error [NaN] detected in operand 2 of instruction DFMA R14, R14, R20, R18 ; in function backward_substitution_kernel at /home/ganesh/repos/nixnan/SC26-expts/lu_solve_gpu/lu_solve_gpu.cu:255 of type f64
#nixnan: error [NaN] detected in operand 3 of instruction DFMA R14, R14, R20, R18 ; in function backward_substitution_kernel at /home/ganesh/repos/nixnan/SC26-expts/lu_solve_gpu/lu_solve_gpu.cu:255 of type f64
#nixnan: error [NaN] detected in operand 0 of instruction DFMA R14, R14, R20, R18 ; in function backward_substitution_kernel at /home/ganesh/repos/nixnan/SC26-expts/lu_solve_gpu/lu_solve_gpu.cu:255 of type f64
#nixnan: error [NaN] detected in operand 1 of instruction DFMA R30, R16, R30, R14 ; in function backward_substitution_kernel at /home/ganesh/repos/nixnan/SC26-expts/lu_solve_gpu/lu_solve_gpu.cu:252 of type f64
#nixnan: error [NaN] detected in operand 0 of instruction DFMA R30, R16, R30, R14 ; in function backward_substitution_kernel at /home/ganesh/repos/nixnan/SC26-expts/lu_solve_gpu/lu_solve_gpu.cu:252 of type f64
#nixnan: error [NaN] detected in operand 1 of instruction DFMA R30, R8, R12, R30 ; in function backward_substitution_kernel at /home/ganesh/repos/nixnan/SC26-expts/lu_solve_gpu/lu_solve_gpu.cu:252 of type f64
#nixnan: error [NaN] detected in operand 3 of instruction DFMA R30, R8, R12, R30 ; in function backward_substitution_kernel at /home/ganesh/repos/nixnan/SC26-expts/lu_solve_gpu/lu_solve_gpu.cu:252 of type f64
#nixnan: error [NaN] detected in operand 0 of instruction DFMA R30, R8, R12, R30 ; in function backward_substitution_kernel at /home/ganesh/repos/nixnan/SC26-expts/lu_solve_gpu/lu_solve_gpu.cu:252 of type f64
#nixnan: error [NaN] detected in operand 1 of instruction DFMA R30, R24, R26, R30 ; in function backward_substitution_kernel at /home/ganesh/repos/nixnan/SC26-expts/lu_solve_gpu/lu_solve_gpu.cu:252 of type f64
#nixnan: error [NaN] detected in operand 3 of instruction DFMA R30, R24, R26, R30 ; in function backward_substitution_kernel at /home/ganesh/repos/nixnan/SC26-expts/lu_solve_gpu/lu_solve_gpu.cu:252 of type f64
#nixnan: error [NaN] detected in operand 0 of instruction DFMA R30, R24, R26, R30 ; in function backward_substitution_kernel at /home/ganesh/repos/nixnan/SC26-expts/lu_solve_gpu/lu_solve_gpu.cu:252 of type f64
#nixnan: error [NaN] detected in operand 1 of instruction DFMA R30, R18, R20, R30 ; in function backward_substitution_kernel at /home/ganesh/repos/nixnan/SC26-expts/lu_solve_gpu/lu_solve_gpu.cu:252 of type f64
#nixnan: error [NaN] detected in operand 3 of instruction DFMA R30, R18, R20, R30 ; in function backward_substitution_kernel at /home/ganesh/repos/nixnan/SC26-expts/lu_solve_gpu/lu_solve_gpu.cu:252 of type f64
#nixnan: error [NaN] detected in operand 0 of instruction DFMA R30, R18, R20, R30 ; in function backward_substitution_kernel at /home/ganesh/repos/nixnan/SC26-expts/lu_solve_gpu/lu_solve_gpu.cu:252 of type f64
#nixnan: error [NaN] detected in operand 1 of instruction DFMA R30, R14, R16, R30 ; in function backward_substitution_kernel at /home/ganesh/repos/nixnan/SC26-expts/lu_solve_gpu/lu_solve_gpu.cu:252 of type f64
#nixnan: error [NaN] detected in operand 3 of instruction DFMA R30, R14, R16, R30 ; in function backward_substitution_kernel at /home/ganesh/repos/nixnan/SC26-expts/lu_solve_gpu/lu_solve_gpu.cu:252 of type f64
#nixnan: error [NaN] detected in operand 0 of instruction DFMA R30, R14, R16, R30 ; in function backward_substitution_kernel at /home/ganesh/repos/nixnan/SC26-expts/lu_solve_gpu/lu_solve_gpu.cu:252 of type f64
#nixnan: error [NaN] detected in operand 1 of instruction DFMA R30, R8, R12, R30 ; in function backward_substitution_kernel at /home/ganesh/repos/nixnan/SC26-expts/lu_solve_gpu/lu_solve_gpu.cu:252 of type f64
#nixnan: error [NaN] detected in operand 3 of instruction DFMA R30, R8, R12, R30 ; in function backward_substitution_kernel at /home/ganesh/repos/nixnan/SC26-expts/lu_solve_gpu/lu_solve_gpu.cu:252 of type f64
#nixnan: error [NaN] detected in operand 0 of instruction DFMA R30, R8, R12, R30 ; in function backward_substitution_kernel at /home/ganesh/repos/nixnan/SC26-expts/lu_solve_gpu/lu_solve_gpu.cu:252 of type f64
#nixnan: error [NaN] detected in operand 1 of instruction DFMA R30, R24, R26, R30 ; in function backward_substitution_kernel at /home/ganesh/repos/nixnan/SC26-expts/lu_solve_gpu/lu_solve_gpu.cu:252 of type f64
#nixnan: error [NaN] detected in operand 3 of instruction DFMA R30, R24, R26, R30 ; in function backward_substitution_kernel at /home/ganesh/repos/nixnan/SC26-expts/lu_solve_gpu/lu_solve_gpu.cu:252 of type f64
#nixnan: error [NaN] detected in operand 0 of instruction DFMA R30, R24, R26, R30 ; in function backward_substitution_kernel at /home/ganesh/repos/nixnan/SC26-expts/lu_solve_gpu/lu_solve_gpu.cu:252 of type f64
#nixnan: error [NaN] detected in operand 1 of instruction DFMA R30, R18, R20, R30 ; in function backward_substitution_kernel at /home/ganesh/repos/nixnan/SC26-expts/lu_solve_gpu/lu_solve_gpu.cu:252 of type f64
#nixnan: error [NaN] detected in operand 3 of instruction DFMA R30, R18, R20, R30 ; in function backward_substitution_kernel at /home/ganesh/repos/nixnan/SC26-expts/lu_solve_gpu/lu_solve_gpu.cu:252 of type f64
#nixnan: error [NaN] detected in operand 0 of instruction DFMA R30, R18, R20, R30 ; in function backward_substitution_kernel at /home/ganesh/repos/nixnan/SC26-expts/lu_solve_gpu/lu_solve_gpu.cu:252 of type f64
#nixnan: error [NaN] detected in operand 1 of instruction DFMA R30, R14, R16, R30 ; in function backward_substitution_kernel at /home/ganesh/repos/nixnan/SC26-expts/lu_solve_gpu/lu_solve_gpu.cu:252 of type f64
#nixnan: error [NaN] detected in operand 3 of instruction DFMA R30, R14, R16, R30 ; in function backward_substitution_kernel at /home/ganesh/repos/nixnan/SC26-expts/lu_solve_gpu/lu_solve_gpu.cu:252 of type f64
#nixnan: error [NaN] detected in operand 0 of instruction DFMA R30, R14, R16, R30 ; in function backward_substitution_kernel at /home/ganesh/repos/nixnan/SC26-expts/lu_solve_gpu/lu_solve_gpu.cu:252 of type f64
#nixnan: error [NaN] detected in operand 1 of instruction DFMA R30, R8, R12, R30 ; in function backward_substitution_kernel at /home/ganesh/repos/nixnan/SC26-expts/lu_solve_gpu/lu_solve_gpu.cu:252 of type f64
#nixnan: error [NaN] detected in operand 3 of instruction DFMA R30, R8, R12, R30 ; in function backward_substitution_kernel at /home/ganesh/repos/nixnan/SC26-expts/lu_solve_gpu/lu_solve_gpu.cu:252 of type f64
#nixnan: error [NaN] detected in operand 0 of instruction DFMA R30, R8, R12, R30 ; in function backward_substitution_kernel at /home/ganesh/repos/nixnan/SC26-expts/lu_solve_gpu/lu_solve_gpu.cu:252 of type f64
#nixnan: error [NaN] detected in operand 1 of instruction DFMA R30, R26, R24, R30 ; in function backward_substitution_kernel at /home/ganesh/repos/nixnan/SC26-expts/lu_solve_gpu/lu_solve_gpu.cu:252 of type f64
#nixnan: error [NaN] detected in operand 3 of instruction DFMA R30, R26, R24, R30 ; in function backward_substitution_kernel at /home/ganesh/repos/nixnan/SC26-expts/lu_solve_gpu/lu_solve_gpu.cu:252 of type f64
#nixnan: error [NaN] detected in operand 0 of instruction DFMA R30, R26, R24, R30 ; in function backward_substitution_kernel at /home/ganesh/repos/nixnan/SC26-expts/lu_solve_gpu/lu_solve_gpu.cu:252 of type f64
#nixnan: error [NaN] detected in operand 1 of instruction DFMA R30, R20, R18, R30 ; in function backward_substitution_kernel at /home/ganesh/repos/nixnan/SC26-expts/lu_solve_gpu/lu_solve_gpu.cu:252 of type f64
#nixnan: error [NaN] detected in operand 3 of instruction DFMA R30, R20, R18, R30 ; in function backward_substitution_kernel at /home/ganesh/repos/nixnan/SC26-expts/lu_solve_gpu/lu_solve_gpu.cu:252 of type f64
#nixnan: error [NaN] detected in operand 0 of instruction DFMA R30, R20, R18, R30 ; in function backward_substitution_kernel at /home/ganesh/repos/nixnan/SC26-expts/lu_solve_gpu/lu_solve_gpu.cu:252 of type f64
#nixnan: error [NaN] detected in operand 1 of instruction DFMA R14, R16, R14, R30 ; in function backward_substitution_kernel at /home/ganesh/repos/nixnan/SC26-expts/lu_solve_gpu/lu_solve_gpu.cu:252 of type f64
#nixnan: error [NaN] detected in operand 3 of instruction DFMA R14, R16, R14, R30 ; in function backward_substitution_kernel at /home/ganesh/repos/nixnan/SC26-expts/lu_solve_gpu/lu_solve_gpu.cu:252 of type f64
#nixnan: error [NaN] detected in operand 0 of instruction DFMA R14, R16, R14, R30 ; in function backward_substitution_kernel at /home/ganesh/repos/nixnan/SC26-expts/lu_solve_gpu/lu_solve_gpu.cu:252 of type f64
#nixnan: error [NaN] detected in operand 1 of instruction DFMA R8, R8, R12, R14 ; in function backward_substitution_kernel at /home/ganesh/repos/nixnan/SC26-expts/lu_solve_gpu/lu_solve_gpu.cu:252 of type f64
#nixnan: error [NaN] detected in operand 3 of instruction DFMA R8, R8, R12, R14 ; in function backward_substitution_kernel at /home/ganesh/repos/nixnan/SC26-expts/lu_solve_gpu/lu_solve_gpu.cu:252 of type f64
#nixnan: error [NaN] detected in operand 0 of instruction DFMA R8, R8, R12, R14 ; in function backward_substitution_kernel at /home/ganesh/repos/nixnan/SC26-expts/lu_solve_gpu/lu_solve_gpu.cu:252 of type f64
#nixnan: error [NaN] detected in operand 1 of instruction DFMA R8, R24, R26, R8 ; in function backward_substitution_kernel at /home/ganesh/repos/nixnan/SC26-expts/lu_solve_gpu/lu_solve_gpu.cu:252 of type f64
#nixnan: error [NaN] detected in operand 3 of instruction DFMA R8, R24, R26, R8 ; in function backward_substitution_kernel at /home/ganesh/repos/nixnan/SC26-expts/lu_solve_gpu/lu_solve_gpu.cu:252 of type f64
#nixnan: error [NaN] detected in operand 0 of instruction DFMA R8, R24, R26, R8 ; in function backward_substitution_kernel at /home/ganesh/repos/nixnan/SC26-expts/lu_solve_gpu/lu_solve_gpu.cu:252 of type f64
#nixnan: error [NaN] detected in operand 1 of instruction DFMA R14, R18, R20, R8 ; in function backward_substitution_kernel at /home/ganesh/repos/nixnan/SC26-expts/lu_solve_gpu/lu_solve_gpu.cu:252 of type f64
#nixnan: error [NaN] detected in operand 3 of instruction DFMA R14, R18, R20, R8 ; in function backward_substitution_kernel at /home/ganesh/repos/nixnan/SC26-expts/lu_solve_gpu/lu_solve_gpu.cu:252 of type f64
#nixnan: error [NaN] detected in operand 0 of instruction DFMA R14, R18, R20, R8 ; in function backward_substitution_kernel at /home/ganesh/repos/nixnan/SC26-expts/lu_solve_gpu/lu_solve_gpu.cu:252 of type f64
#nixnan: f64 bin has reached threshold: function=backward_substitution_kernel(double const*, double const*, double*, int) range=[-2,1] count=128
#nixnan: error [NaN] detected in operand 3 of instruction DFMA R30, R16, R30, R14 ; in function backward_substitution_kernel at /home/ganesh/repos/nixnan/SC26-expts/lu_solve_gpu/lu_solve_gpu.cu:252 of type f64
#nixnan: Finalizing GPU context...

#nixnan: ------------ nixnan Report -----------

#nixnan: --- FP16 Operations ---
#nixnan: NaN:                    0 (0 repeats)
#nixnan: Infinity:               0 (0 repeats)
#nixnan: -Infinity:              0 (0 repeats)
#nixnan: Subnormal:              0 (0 repeats)
#nixnan: Division by 0:          0 (0 repeats)

#nixnan: --- BF16 Operations ---
#nixnan: NaN:                    0 (0 repeats)
#nixnan: Infinity:               0 (0 repeats)
#nixnan: -Infinity:              0 (0 repeats)
#nixnan: Subnormal:              0 (0 repeats)
#nixnan: Division by 0:          0 (0 repeats)

#nixnan: --- FP32 Operations ---
#nixnan: NaN:                    6 (93 repeats)
#nixnan: Infinity:               0 (0 repeats)
#nixnan: -Infinity:              0 (0 repeats)
#nixnan: Subnormal:              0 (0 repeats)
#nixnan: Division by 0:          0 (0 repeats)

#nixnan: --- FP64 Operations ---
#nixnan: NaN:                  316 (2171 repeats)
#nixnan: Infinity:               4 (0 repeats)
#nixnan: -Infinity:              0 (0 repeats)
#nixnan: Subnormal:              0 (0 repeats)
#nixnan: Division by 0:          4 (4 repeats)

#nixnan: --- FP16 Memory  Operations ---
#nixnan: NaN:                    0 (0 repeats)
#nixnan: --- BF16 Memory  Operations ---
#nixnan: NaN:                    0 (0 repeats)
#nixnan: --- FP32 Memory  Operations ---
#nixnan: NaN:                    0 (0 repeats)
#nixnan: --- FP64 Memory  Operations ---
#nixnan: NaN:                    1 (14 repeats)
#nixnan: --- FP exponent ranges --- 
#nixnan: Exponent range for f32: [zero, inf]
#nixnan: Exponent range for f64: [zero, inf]
