------------- NVBit (NVidia Binary Instrumentation Tool v1.8) Loaded --------------
NVBit core environment variables (mostly for nvbit-devs):
ACK_CTX_INIT_LIMITATION = 0 - if set, no warning will be printed for nvbit_at_ctx_init()
            NVDISASM = nvdisasm - override default nvdisasm found in PATH
            NOBANNER = 0 - if set, does not print this banner
       NO_EAGER_LOAD = 1 - lazy module loading is now turned on by default. If you see deadlocks in your tool, set NO_EAGER_LOAD to 0
---------------------------------------------------------------------------------
         INSTR_BEGIN = 0 - Beginning of the instruction interval where to apply instrumentation
           INSTR_END = 4294967295 - End of the instruction interval where to apply instrumentation
        TOOL_VERBOSE = 0 - Enable verbosity inside the tool
   ENABLE_FUN_DETAIL = 0 - Enable detailed function information for kernel
     PRINT_ILL_INSTR = 0 - Print the instruction which caused the exception
            SAMPLING = 0 - Instrument a repeat kernel every SAMPLING times
INSTRUMENT_EXCEPTIONS = 1 - Enable instrumentation of exceptions
           INSTR_MEM = 0 - Instrument memory instructions for NaN/Inf detection
           HISTOGRAM = 1 - Enable FP exponent histogramming
       BIN_SPEC_FILE = ./bin_spec.json - Specification for which exponent ranges to report. If the file does not exist, a template specification will be created.
For example:
{
    "count": 128,
    "bf16": [],
    "f16": [[0,5],[-4,-1]],
    "f32": [],
    "f64": []
}
will report every 128 occurrences of exponents in the ranges 0 to 5 and -4 to -1 for f16 numbers.
             LOGFILE = ./logs/histogram/matrix.log - Path to the optional log file. Default is to print to stderr. This is useful for the case when an instrumented program is capturing stderr.
           LINE_INFO = 1 - Disable debug information for source code locations. Having this enabled may cause crashes, so set this to 0 if you encounter issues.
         LOG_KERNELS =  - Path to a log file containing the sequence of kernel invocations. When set, this will disable instrumentation; instead the program will be allowed to run normally so interesting kernels can be identified. The log file will contain the sequence of kernel invocations
          MAX_ERRORS = 0 - Maximum number of errors to report before stopping the program. Default is 0, which means no limit.
        TIME_KERNELS = 0 - Enable timing of kernel execution. This will print the execution time of each kernel to the log file.
  FUNCTION_WHITELIST =  - Path to a file containing a line-separated list of function names to whitelist for instrumentation.
  FUNCTION_BLACKLIST =  - Path to a file containing a line-separated list of function names to blacklist for instrumentation.
Loading matrix A:
2	-1	0.5	0	0	0	0	0	0	0	0	0	0	0	0	0	0	0	0	0	
-1	2	-1	0.5	0	0	0	0	0	0	0	0	0	0	0	0	0	0	0	0	
0.5	-1	2	-1	0.5	0	0	0	0	0	0	0	0	0	0	0	0	0	0	0	
0	0.5	-1	2	-1	0.5	0	0	0	0	0	0	0	0	0	0	0	0	0	0	
0	0	0.5	-1	2	-1	0.5	0	0	0	0	0	0	0	0	0	0	0	0	0	
0	0	0	0.5	-1	2	-1	0.5	0	0	0	0	0	0	0	0	0	0	0	0	
0	0	0	0	0.5	-1	2	-1	0.5	0	0	0	0	0	0	0	0	0	0	0	
0	0	0	0	0	0.5	-1	2	-1	0.5	0	0	0	0	0	0	0	0	0	0	
0	0	0	0	0	0	0.5	-1	2	-1	0.5	0	0	0	0	0	0	0	0	0	
0	0	0	0	0	0	0	0.5	-1	2	-1	0.5	0	0	0	0	0	0	0	0	
0	0	0	0	0	0	0	0	0.5	-1	2	-1	0.5	0	0	0	0	0	0	0	
0	0	0	0	0	0	0	0	0	0.5	-1	2	-1	0.5	0	0	0	0	0	0	
0	0	0	0	0	0	0	0	0	0	0.5	-1	2	-1	0.5	0	0	0	0	0	
0	0	0	0	0	0	0	0	0	0	0	0.5	-1	2	-1	0.5	0	0	0	0	
0	0	0	0	0	0	0	0	0	0	0	0	0.5	-1	2	-1	0.5	0	0	0	
0	0	0	0	0	0	0	0	0	0	0	0	0	0.5	-1	2	-1	0.5	0	0	
0	0	0	0	0	0	0	0	0	0	0	0	0	0	0.5	-1	2	-1	0.5	0	
0	0	0	0	0	0	0	0	0	0	0	0	0	0	0	0.5	-1	2	-1	0.5	
0	0	0	0	0	0	0	0	0	0	0	0	0	0	0	0	0.5	-1	2	-1	
0	0	0	0	0	0	0	0	0	0	0	0	0	0	0	0	0	0.5	-1	2	

-----------------------------------------------------------
WARNING: Do not call CUDA memory allocation in nvbit_at_ctx_init(). It will cause deadlocks. Do them in nvbit_tool_init(). If you encounter deadlocks, remove CUDA API calls to debug.
Solution x:
x[0]: 0.831902
x[1]: 1.25961
x[2]: 1.19162
x[3]: 1.00859
x[4]: 0.938022
x[5]: 0.965315
x[6]: 1.0041
x[7]: 1.01439
x[8]: 1.005
x[9]: 0.995302
x[10]: 0.995302
x[11]: 1.005
x[12]: 1.01439
x[13]: 1.0041
x[14]: 0.965315
x[15]: 0.938022
x[16]: 1.00859
x[17]: 1.19162
x[18]: 1.25961
x[19]: 0.831902
-----------------------------------------------------------
Residual norm ||Ax - b||: 9.6787e-16

