#nixnan: ----------------------------------------------------------------------------------
#nixnan: Initializing GPU context...
#nixnan: Instrumenting all functions
#nixnan: running kernel [init_identity_kernel] ...
#nixnan: running kernel [find_pivot_kernel] ...
#nixnan: running kernel [swap_rows_kernel] ...
#nixnan: running kernel [compute_multipliers_kernel] ...
#nixnan: f64 bin has reached threshold: function=compute_multipliers_kernel(double const*, double*, int, int) range=[-2,1] count=128
#nixnan: f64 bin has reached threshold: function=compute_multipliers_kernel(double const*, double*, int, int) range=[-2,1] count=128
#nixnan: f64 bin has reached threshold: function=compute_multipliers_kernel(double const*, double*, int, int) range=[-54,-51] count=128
#nixnan: f64 bin has reached threshold: function=compute_multipliers_kernel(double const*, double*, int, int) range=[-2,1] count=128
#nixnan: f64 bin has reached threshold: function=compute_multipliers_kernel(double const*, double*, int, int) range=[-2,1] count=128
#nixnan: running kernel [eliminate_kernel] ...
#nixnan: f64 bin has reached threshold: function=eliminate_kernel(double*, double const*, int, int) range=[-2,1] count=128
#nixnan: f64 bin has reached threshold: function=eliminate_kernel(double*, double const*, int, int) range=[-2,1] count=128
#nixnan: f64 bin has reached threshold: function=compute_multipliers_kernel(double const*, double*, int, int) range=[-2,1] count=128
#nixnan: f64 bin has reached threshold: function=compute_multipliers_kernel(double const*, double*, int, int) range=[-2,1] count=128
#nixnan: f64 bin has reached threshold: function=compute_multipliers_kernel(double const*, double*, int, int) range=[-2,1] count=128
#nixnan: f64 bin has reached threshold: function=compute_multipliers_kernel(double const*, double*, int, int) range=[-26,-23] count=128
#nixnan: f64 bin has reached threshold: function=compute_multipliers_kernel(double const*, double*, int, int) range=[-54,-51] count=128
#nixnan: f64 bin has reached threshold: function=compute_multipliers_kernel(double const*, double*, int, int) range=[-2,1] count=128
#nixnan: f64 bin has reached threshold: function=eliminate_kernel(double*, double const*, int, int) range=[-2,1] count=128
#nixnan: f64 bin has reached threshold: function=eliminate_kernel(double*, double const*, int, int) range=[-2,1] count=128
#nixnan: f64 bin has reached threshold: function=compute_multipliers_kernel(double const*, double*, int, int) range=[-2,1] count=128
#nixnan: f64 bin has reached threshold: function=compute_multipliers_kernel(double const*, double*, int, int) range=[-2,1] count=128
#nixnan: f64 bin has reached threshold: function=compute_multipliers_kernel(double const*, double*, int, int) range=[-26,-23] count=128
#nixnan: f64 bin has reached threshold: function=compute_multipliers_kernel(double const*, double*, int, int) range=[-2,1] count=128
#nixnan: f64 bin has reached threshold: function=compute_multipliers_kernel(double const*, double*, int, int) range=[-22,-19] count=128
#nixnan: f64 bin has reached threshold: function=compute_multipliers_kernel(double const*, double*, int, int) range=[-2,1] count=128
#nixnan: f64 bin has reached threshold: function=eliminate_kernel(double*, double const*, int, int) range=[-2,1] count=128
#nixnan: f64 bin has reached threshold: function=eliminate_kernel(double*, double const*, int, int) range=[-2,1] count=128
#nixnan: f64 bin has reached threshold: function=compute_multipliers_kernel(double const*, double*, int, int) range=[-2,1] count=128
#nixnan: f64 bin has reached threshold: function=compute_multipliers_kernel(double const*, double*, int, int) range=[-2,1] count=128
#nixnan: f64 bin has reached threshold: function=compute_multipliers_kernel(double const*, double*, int, int) range=[-26,-23] count=128
#nixnan: f64 bin has reached threshold: function=compute_multipliers_kernel(double const*, double*, int, int) range=[-2,1] count=128
#nixnan: f64 bin has reached threshold: function=eliminate_kernel(double*, double const*, int, int) range=[-2,1] count=128
#nixnan: f64 bin has reached threshold: function=compute_multipliers_kernel(double const*, double*, int, int) range=[-2,1] count=128
#nixnan: f64 bin has reached threshold: function=compute_multipliers_kernel(double const*, double*, int, int) range=[-2,1] count=128
#nixnan: f64 bin has reached threshold: function=compute_multipliers_kernel(double const*, double*, int, int) range=[-2,1] count=128
#nixnan: f64 bin has reached threshold: function=compute_multipliers_kernel(double const*, double*, int, int) range=[-22,-19] count=128
#nixnan: f64 bin has reached threshold: function=compute_multipliers_kernel(double const*, double*, int, int) range=[-566,-563] count=128
#nixnan: f64 bin has reached threshold: function=compute_multipliers_kernel(double const*, double*, int, int) range=[-2,1] count=128
#nixnan: f64 bin has reached threshold: function=eliminate_kernel(double*, double const*, int, int) range=[-2,1] count=128
#nixnan: f64 bin has reached threshold: function=eliminate_kernel(double*, double const*, int, int) range=[-2,1] count=128
#nixnan: f64 bin has reached threshold: function=compute_multipliers_kernel(double const*, double*, int, int) range=[-2,1] count=128
#nixnan: f64 bin has reached threshold: function=compute_multipliers_kernel(double const*, double*, int, int) range=[-2,1] count=128
#nixnan: f64 bin has reached threshold: function=compute_multipliers_kernel(double const*, double*, int, int) range=[-22,-19] count=128
#nixnan: f64 bin has reached threshold: function=compute_multipliers_kernel(double const*, double*, int, int) range=[-54,-51] count=128
#nixnan: f64 bin has reached threshold: function=compute_multipliers_kernel(double const*, double*, int, int) range=[-2,1] count=128
#nixnan: f64 bin has reached threshold: function=eliminate_kernel(double*, double const*, int, int) range=[-2,1] count=128
#nixnan: f64 bin has reached threshold: function=eliminate_kernel(double*, double const*, int, int) range=[-2,1] count=128
#nixnan: f64 bin has reached threshold: function=compute_multipliers_kernel(double const*, double*, int, int) range=[-26,-23] count=128
#nixnan: f64 bin has reached threshold: function=compute_multipliers_kernel(double const*, double*, int, int) range=[-2,1] count=128
#nixnan: f64 bin has reached threshold: function=compute_multipliers_kernel(double const*, double*, int, int) range=[-58,-55] count=128
#nixnan: f64 bin has reached threshold: function=compute_multipliers_kernel(double const*, double*, int, int) range=[-2,1] count=128
#nixnan: f64 bin has reached threshold: function=compute_multipliers_kernel(double const*, double*, int, int) range=[-2,1] count=128
#nixnan: f64 bin has reached threshold: function=eliminate_kernel(double*, double const*, int, int) range=[-2,1] count=128
#nixnan: f64 bin has reached threshold: function=compute_multipliers_kernel(double const*, double*, int, int) range=[-22,-19] count=128
#nixnan: f64 bin has reached threshold: function=compute_multipliers_kernel(double const*, double*, int, int) range=[-2,1] count=128
#nixnan: f64 bin has reached threshold: function=compute_multipliers_kernel(double const*, double*, int, int) range=[-2,1] count=128
#nixnan: f64 bin has reached threshold: function=eliminate_kernel(double*, double const*, int, int) range=[-2,1] count=128
#nixnan: f64 bin has reached threshold: function=eliminate_kernel(double*, double const*, int, int) range=[-2,1] count=128
#nixnan: f64 bin has reached threshold: function=compute_multipliers_kernel(double const*, double*, int, int) range=[-2,1] count=128
#nixnan: f64 bin has reached threshold: function=compute_multipliers_kernel(double const*, double*, int, int) range=[-22,-19] count=128
#nixnan: f64 bin has reached threshold: function=compute_multipliers_kernel(double const*, double*, int, int) range=[-2,1] count=128
#nixnan: f64 bin has reached threshold: function=compute_multipliers_kernel(double const*, double*, int, int) range=[-2,1] count=128
#nixnan: f64 bin has reached threshold: function=eliminate_kernel(double*, double const*, int, int) range=[-2,1] count=128
#nixnan: f64 bin has reached threshold: function=compute_multipliers_kernel(double const*, double*, int, int) range=[-2,1] count=128
#nixnan: f64 bin has reached threshold: function=compute_multipliers_kernel(double const*, double*, int, int) range=[-22,-19] count=128
#nixnan: f64 bin has reached threshold: function=compute_multipliers_kernel(double const*, double*, int, int) range=[-2,1] count=128
#nixnan: f64 bin has reached threshold: function=compute_multipliers_kernel(double const*, double*, int, int) range=[-58,-55] count=128
#nixnan: f64 bin has reached threshold: function=eliminate_kernel(double*, double const*, int, int) range=[-2,1] count=128
#nixnan: f64 bin has reached threshold: function=compute_multipliers_kernel(double const*, double*, int, int) range=[-26,-23] count=128
#nixnan: f64 bin has reached threshold: function=compute_multipliers_kernel(double const*, double*, int, int) range=[-2,1] count=128
#nixnan: f64 bin has reached threshold: function=compute_multipliers_kernel(double const*, double*, int, int) range=[-2,1] count=128
#nixnan: f64 bin has reached threshold: function=compute_multipliers_kernel(double const*, double*, int, int) range=[-566,-563] count=128
#nixnan: f64 bin has reached threshold: function=eliminate_kernel(double*, double const*, int, int) range=[-2,1] count=128
#nixnan: f64 bin has reached threshold: function=compute_multipliers_kernel(double const*, double*, int, int) range=[-2,1] count=128
#nixnan: f64 bin has reached threshold: function=compute_multipliers_kernel(double const*, double*, int, int) range=[-22,-19] count=128
#nixnan: f64 bin has reached threshold: function=compute_multipliers_kernel(double const*, double*, int, int) range=[-2,1] count=128
#nixnan: f64 bin has reached threshold: function=eliminate_kernel(double*, double const*, int, int) range=[-2,1] count=128
#nixnan: f64 bin has reached threshold: function=compute_multipliers_kernel(double const*, double*, int, int) range=[-2,1] count=128
#nixnan: f64 bin has reached threshold: function=compute_multipliers_kernel(double const*, double*, int, int) range=[-26,-23] count=128
#nixnan: f64 bin has reached threshold: function=compute_multipliers_kernel(double const*, double*, int, int) range=[-2,1] count=128
#nixnan: f64 bin has reached threshold: function=compute_multipliers_kernel(double const*, double*, int, int) range=[-2,1] count=128
#nixnan: f64 bin has reached threshold: function=eliminate_kernel(double*, double const*, int, int) range=[-2,1] count=128
#nixnan: f64 bin has reached threshold: function=compute_multipliers_kernel(double const*, double*, int, int) range=[-2,1] count=128
#nixnan: f64 bin has reached threshold: function=eliminate_kernel(double*, double const*, int, int) range=[-2,1] count=128
#nixnan: f64 bin has reached threshold: function=compute_multipliers_kernel(double const*, double*, int, int) range=[-26,-23] count=128
#nixnan: f64 bin has reached threshold: function=compute_multipliers_kernel(double const*, double*, int, int) range=[-2,1] count=128
#nixnan: f64 bin has reached threshold: function=compute_multipliers_kernel(double const*, double*, int, int) range=[-58,-55] count=128
#nixnan: f64 bin has reached threshold: function=eliminate_kernel(double*, double const*, int, int) range=[-2,1] count=128
#nixnan: running kernel [apply_permutation_kernel] ...
#nixnan: f64 bin has reached threshold: function=apply_permutation_kernel(double const*, double const*, double*, int) range=[-2,1] count=128
#nixnan: f64 bin has reached threshold: function=apply_permutation_kernel(double const*, double const*, double*, int) range=[-2,1] count=128
#nixnan: f64 bin has reached threshold: function=apply_permutation_kernel(double const*, double const*, double*, int) range=[-2,1] count=128
#nixnan: f64 bin has reached threshold: function=apply_permutation_kernel(double const*, double const*, double*, int) range=[-2,1] count=128
#nixnan: f64 bin has reached threshold: function=apply_permutation_kernel(double const*, double const*, double*, int) range=[-2,1] count=128
#nixnan: f64 bin has reached threshold: function=apply_permutation_kernel(double const*, double const*, double*, int) range=[-2,1] count=128
#nixnan: running kernel [forward_substitution_kernel] ...
#nixnan: f64 bin has reached threshold: function=forward_substitution_kernel(double const*, double const*, double*, int) range=[-2,1] count=128
#nixnan: f64 bin has reached threshold: function=forward_substitution_kernel(double const*, double const*, double*, int) range=[-2,1] count=128
#nixnan: running kernel [backward_substitution_kernel] ...
#nixnan: f64 bin has reached threshold: function=backward_substitution_kernel(double const*, double const*, double*, int) range=[-2,1] count=128
#nixnan: f64 bin has reached threshold: function=backward_substitution_kernel(double const*, double const*, double*, int) range=[-2,1] count=128
#nixnan: f64 bin has reached threshold: function=backward_substitution_kernel(double const*, double const*, double*, int) range=[-2,1] count=128
#nixnan: f64 bin has reached threshold: function=backward_substitution_kernel(double const*, double const*, double*, int) range=[-2,1] count=128
#nixnan: f64 bin has reached threshold: function=backward_substitution_kernel(double const*, double const*, double*, int) range=[-6,-3] count=128
#nixnan: f64 bin has reached threshold: function=backward_substitution_kernel(double const*, double const*, double*, int) range=[-2,1] count=128
#nixnan: f64 bin has reached threshold: function=backward_substitution_kernel(double const*, double const*, double*, int) range=[-2,1] count=128
#nixnan: Finalizing GPU context...

#nixnan: ------------ nixnan Report -----------

#nixnan: --- FP16 Operations ---
#nixnan: NaN:                    0 (0 repeats)
#nixnan: Infinity:               0 (0 repeats)
#nixnan: -Infinity:              0 (0 repeats)
#nixnan: Subnormal:              0 (0 repeats)
#nixnan: Division by 0:          0 (0 repeats)

#nixnan: --- BF16 Operations ---
#nixnan: NaN:                    0 (0 repeats)
#nixnan: Infinity:               0 (0 repeats)
#nixnan: -Infinity:              0 (0 repeats)
#nixnan: Subnormal:              0 (0 repeats)
#nixnan: Division by 0:          0 (0 repeats)

#nixnan: --- FP32 Operations ---
#nixnan: NaN:                    0 (0 repeats)
#nixnan: Infinity:               0 (0 repeats)
#nixnan: -Infinity:              0 (0 repeats)
#nixnan: Subnormal:              0 (0 repeats)
#nixnan: Division by 0:          0 (0 repeats)

#nixnan: --- FP64 Operations ---
#nixnan: NaN:                    0 (0 repeats)
#nixnan: Infinity:               0 (0 repeats)
#nixnan: -Infinity:              0 (0 repeats)
#nixnan: Subnormal:              0 (0 repeats)
#nixnan: Division by 0:          0 (0 repeats)

#nixnan: --- FP16 Memory  Operations ---
#nixnan: NaN:                    0 (0 repeats)
#nixnan: --- BF16 Memory  Operations ---
#nixnan: NaN:                    0 (0 repeats)
#nixnan: --- FP32 Memory  Operations ---
#nixnan: NaN:                    0 (0 repeats)
#nixnan: --- FP64 Memory  Operations ---
#nixnan: NaN:                    0 (0 repeats)
#nixnan: --- FP exponent ranges --- 
#nixnan: Exponent range for f32: [zero, 1]
#nixnan: Exponent range for f64: [zero, 1]
